Archive member included to satisfy reference by file (symbol)

c:/program files (x86)/gnu arm embedded toolchain/10 2021.10/bin/../lib/gcc/arm-none-eabi/10.3.1/../../../../arm-none-eabi/lib/thumb/v7-m/nofp\libc_nano.a(lib_a-exit.o)
                              c:/program files (x86)/gnu arm embedded toolchain/10 2021.10/bin/../lib/gcc/arm-none-eabi/10.3.1/../../../../arm-none-eabi/lib/thumb/v7-m/nofp/crt0.o (exit)
c:/program files (x86)/gnu arm embedded toolchain/10 2021.10/bin/../lib/gcc/arm-none-eabi/10.3.1/../../../../arm-none-eabi/lib/thumb/v7-m/nofp\libc_nano.a(lib_a-impure.o)
                              c:/program files (x86)/gnu arm embedded toolchain/10 2021.10/bin/../lib/gcc/arm-none-eabi/10.3.1/../../../../arm-none-eabi/lib/thumb/v7-m/nofp\libc_nano.a(lib_a-exit.o) (_global_impure_ptr)
c:/program files (x86)/gnu arm embedded toolchain/10 2021.10/bin/../lib/gcc/arm-none-eabi/10.3.1/../../../../arm-none-eabi/lib/thumb/v7-m/nofp\libc_nano.a(lib_a-init.o)
                              c:/program files (x86)/gnu arm embedded toolchain/10 2021.10/bin/../lib/gcc/arm-none-eabi/10.3.1/../../../../arm-none-eabi/lib/thumb/v7-m/nofp/crt0.o (__libc_init_array)
c:/program files (x86)/gnu arm embedded toolchain/10 2021.10/bin/../lib/gcc/arm-none-eabi/10.3.1/../../../../arm-none-eabi/lib/thumb/v7-m/nofp\libc_nano.a(lib_a-memset.o)
                              c:/program files (x86)/gnu arm embedded toolchain/10 2021.10/bin/../lib/gcc/arm-none-eabi/10.3.1/../../../../arm-none-eabi/lib/thumb/v7-m/nofp/crt0.o (memset)
c:/program files (x86)/gnu arm embedded toolchain/10 2021.10/bin/../lib/gcc/arm-none-eabi/10.3.1/../../../../arm-none-eabi/lib/thumb/v7-m/nofp\libnosys.a(_exit.o)
                              c:/program files (x86)/gnu arm embedded toolchain/10 2021.10/bin/../lib/gcc/arm-none-eabi/10.3.1/../../../../arm-none-eabi/lib/thumb/v7-m/nofp\libc_nano.a(lib_a-exit.o) (_exit)

Discarded input sections

 .text          0x00000000        0x0 c:/program files (x86)/gnu arm embedded toolchain/10 2021.10/bin/../lib/gcc/arm-none-eabi/10.3.1/thumb/v7-m/nofp/crti.o
 .data          0x00000000        0x0 c:/program files (x86)/gnu arm embedded toolchain/10 2021.10/bin/../lib/gcc/arm-none-eabi/10.3.1/thumb/v7-m/nofp/crti.o
 .bss           0x00000000        0x0 c:/program files (x86)/gnu arm embedded toolchain/10 2021.10/bin/../lib/gcc/arm-none-eabi/10.3.1/thumb/v7-m/nofp/crti.o
 .data          0x00000000        0x4 c:/program files (x86)/gnu arm embedded toolchain/10 2021.10/bin/../lib/gcc/arm-none-eabi/10.3.1/thumb/v7-m/nofp/crtbegin.o
 .rodata        0x00000000       0x24 c:/program files (x86)/gnu arm embedded toolchain/10 2021.10/bin/../lib/gcc/arm-none-eabi/10.3.1/thumb/v7-m/nofp/crtbegin.o
 .text          0x00000000       0x7c c:/program files (x86)/gnu arm embedded toolchain/10 2021.10/bin/../lib/gcc/arm-none-eabi/10.3.1/../../../../arm-none-eabi/lib/thumb/v7-m/nofp/crt0.o
 .data          0x00000000        0x0 c:/program files (x86)/gnu arm embedded toolchain/10 2021.10/bin/../lib/gcc/arm-none-eabi/10.3.1/../../../../arm-none-eabi/lib/thumb/v7-m/nofp/crt0.o
 .bss           0x00000000        0x0 c:/program files (x86)/gnu arm embedded toolchain/10 2021.10/bin/../lib/gcc/arm-none-eabi/10.3.1/../../../../arm-none-eabi/lib/thumb/v7-m/nofp/crt0.o
 .ARM.extab     0x00000000        0x0 c:/program files (x86)/gnu arm embedded toolchain/10 2021.10/bin/../lib/gcc/arm-none-eabi/10.3.1/../../../../arm-none-eabi/lib/thumb/v7-m/nofp/crt0.o
 .ARM.exidx     0x00000000       0x10 c:/program files (x86)/gnu arm embedded toolchain/10 2021.10/bin/../lib/gcc/arm-none-eabi/10.3.1/../../../../arm-none-eabi/lib/thumb/v7-m/nofp/crt0.o
 .ARM.attributes
                0x00000000       0x1b c:/program files (x86)/gnu arm embedded toolchain/10 2021.10/bin/../lib/gcc/arm-none-eabi/10.3.1/../../../../arm-none-eabi/lib/thumb/v7-m/nofp/crt0.o
 .text          0x00000000        0x0 build/main.o
 .data          0x00000000        0x0 build/main.o
 .bss           0x00000000        0x0 build/main.o
 .text          0x00000000        0x0 build/gpio.o
 .data          0x00000000        0x0 build/gpio.o
 .bss           0x00000000        0x0 build/gpio.o
 .text          0x00000000        0x0 build/usart.o
 .data          0x00000000        0x0 build/usart.o
 .bss           0x00000000        0x0 build/usart.o
 .text.HAL_UART_MspDeInit
                0x00000000       0x30 build/usart.o
 .text          0x00000000        0x0 build/stm32f1xx_it.o
 .data          0x00000000        0x0 build/stm32f1xx_it.o
 .bss           0x00000000        0x0 build/stm32f1xx_it.o
 .text          0x00000000        0x0 build/stm32f1xx_hal_msp.o
 .data          0x00000000        0x0 build/stm32f1xx_hal_msp.o
 .bss           0x00000000        0x0 build/stm32f1xx_hal_msp.o
 .text          0x00000000        0x0 build/usb_device.o
 .data          0x00000000        0x0 build/usb_device.o
 .bss           0x00000000        0x0 build/usb_device.o
[...]
Memory Configuration

Name             Origin             Length             Attributes
RAM              0x20000000         0x00005000         xrw
FLASH            0x08000000         0x00010000         xr
*default*        0x00000000         0xffffffff

Linker script and memory map

LOAD c:/program files (x86)/gnu arm embedded toolchain/10 2021.10/bin/../lib/gcc/arm-none-eabi/10.3.1/thumb/v7-m/nofp/crti.o
LOAD c:/program files (x86)/gnu arm embedded toolchain/10 2021.10/bin/../lib/gcc/arm-none-eabi/10.3.1/thumb/v7-m/nofp/crtbegin.o
LOAD c:/program files (x86)/gnu arm embedded toolchain/10 2021.10/bin/../lib/gcc/arm-none-eabi/10.3.1/../../../../arm-none-eabi/lib/thumb/v7-m/nofp/crt0.o
LOAD build/main.o
LOAD build/gpio.o
LOAD build/usart.o
LOAD build/stm32f1xx_it.o
LOAD build/stm32f1xx_hal_msp.o
LOAD build/usb_device.o
LOAD build/usbd_desc.o
LOAD build/usbd_cdc_if.o
LOAD build/usbd_conf.o
LOAD build/stm32f1xx_hal_gpio_ex.o
LOAD build/stm32f1xx_hal_pcd.o
LOAD build/stm32f1xx_hal_pcd_ex.o
LOAD build/stm32f1xx_ll_usb.o
LOAD build/stm32f1xx_hal.o
LOAD build/stm32f1xx_hal_rcc.o
LOAD build/stm32f1xx_hal_rcc_ex.o
LOAD build/stm32f1xx_hal_gpio.o
LOAD build/stm32f1xx_hal_dma.o
LOAD build/stm32f1xx_hal_cortex.o
LOAD build/stm32f1xx_hal_pwr.o
LOAD build/stm32f1xx_hal_flash.o
LOAD build/stm32f1xx_hal_flash_ex.o
LOAD build/stm32f1xx_hal_exti.o
LOAD build/stm32f1xx_hal_tim.o
LOAD build/stm32f1xx_hal_tim_ex.o
LOAD build/stm32f1xx_hal_uart.o
LOAD build/system_stm32f1xx.o
LOAD build/usbd_core.o
LOAD build/usbd_ctlreq.o
LOAD build/usbd_ioreq.o
LOAD build/usbd_cdc.o
LOAD build/startup_stm32f103xb.o
LOAD c:/program files (x86)/gnu arm embedded toolchain/10 2021.10/bin/../lib/gcc/arm-none-eabi/10.3.1/../../../../arm-none-eabi/lib/thumb/v7-m/nofp\libc_nano.a
LOAD c:/program files (x86)/gnu arm embedded toolchain/10 2021.10/bin/../lib/gcc/arm-none-eabi/10.3.1/../../../../arm-none-eabi/lib/thumb/v7-m/nofp\libm.a
LOAD c:/program files (x86)/gnu arm embedded toolchain/10 2021.10/bin/../lib/gcc/arm-none-eabi/10.3.1/../../../../arm-none-eabi/lib/thumb/v7-m/nofp\libnosys.a
START GROUP
LOAD c:/program files (x86)/gnu arm embedded toolchain/10 2021.10/bin/../lib/gcc/arm-none-eabi/10.3.1/thumb/v7-m/nofp\libgcc.a
LOAD c:/program files (x86)/gnu arm embedded toolchain/10 2021.10/bin/../lib/gcc/arm-none-eabi/10.3.1/../../../../arm-none-eabi/lib/thumb/v7-m/nofp\libc_nano.a
END GROUP
START GROUP
LOAD c:/program files (x86)/gnu arm embedded toolchain/10 2021.10/bin/../lib/gcc/arm-none-eabi/10.3.1/thumb/v7-m/nofp\libgcc.a
LOAD c:/program files (x86)/gnu arm embedded toolchain/10 2021.10/bin/../lib/gcc/arm-none-eabi/10.3.1/../../../../arm-none-eabi/lib/thumb/v7-m/nofp\libc_nano.a
END GROUP
LOAD c:/program files (x86)/gnu arm embedded toolchain/10 2021.10/bin/../lib/gcc/arm-none-eabi/10.3.1/thumb/v7-m/nofp/crtend.o
LOAD c:/program files (x86)/gnu arm embedded toolchain/10 2021.10/bin/../lib/gcc/arm-none-eabi/10.3.1/thumb/v7-m/nofp/crtn.o
                0x20005000                _estack = (ORIGIN (RAM) + LENGTH (RAM))
                0x00000200                _Min_Heap_Size = 0x200
                0x00000400                _Min_Stack_Size = 0x400

.isr_vector     0x08000000      0x10c
                0x08000000                . = ALIGN (0x4)
 *(.isr_vector)
 .isr_vector    0x08000000      0x10c build/startup_stm32f103xb.o
                0x08000000                g_pfnVectors
                0x0800010c                . = ALIGN (0x4)

.text           0x0800010c     0x3fb0
                0x0800010c                . = ALIGN (0x4)
 *(.text)
 .text          0x0800010c       0x40 c:/program files (x86)/gnu arm embedded toolchain/10 2021.10/bin/../lib/gcc/arm-none-eabi/10.3.1/thumb/v7-m/nofp/crtbegin.o
 *(.text*)
 .text.Error_Handler
                0x0800014c        0x4 build/main.o
                0x0800014c                Error_Handler
 .text.SystemClock_Config
                0x08000150       0x82 build/main.o
                0x08000150                SystemClock_Config
 .text.main     0x080001d2       0x18 build/main.o
                0x080001d2                main
 *fill*         0x080001ea        0x2 
 .text.MX_GPIO_Init
                0x080001ec      0x108 build/gpio.o
                0x080001ec                MX_GPIO_Init
 .text.MX_USART1_UART_Init
                0x080002f4       0x34 build/usart.o
                0x080002f4                MX_USART1_UART_Init
 .text.HAL_UART_MspInit
                0x08000328       0x78 build/usart.o
                0x08000328                HAL_UART_MspInit
 .text.NMI_Handler
                0x080003a0        0x2 build/stm32f1xx_it.o
                0x080003a0                NMI_Handler
 .text.HardFault_Handler
                0x080003a2        0x2 build/stm32f1xx_it.o
                0x080003a2                HardFault_Handler
 .text.MemManage_Handler
                0x080003a4        0x2 build/stm32f1xx_it.o
                0x080003a4                MemManage_Handler
 .text.BusFault_Handler
                0x080003a6        0x2 build/stm32f1xx_it.o
                0x080003a6                BusFault_Handler
 .text.UsageFault_Handler
                0x080003a8        0x2 build/stm32f1xx_it.o
                0x080003a8                UsageFault_Handler
 .text.SVC_Handler
                0x080003aa        0x2 build/stm32f1xx_it.o
                0x080003aa                SVC_Handler
 .text.DebugMon_Handler
                0x080003ac        0x2 build/stm32f1xx_it.o
                0x080003ac                DebugMon_Handler
 .text.PendSV_Handler
                0x080003ae        0x2 build/stm32f1xx_it.o
                0x080003ae                PendSV_Handler
 .text.SysTick_Handler
                0x080003b0        0x8 build/stm32f1xx_it.o
                0x080003b0                SysTick_Handler
 .text.USB_LP_CAN1_RX0_IRQHandler
                0x080003b8       0x10 build/stm32f1xx_it.o
                0x080003b8                USB_LP_CAN1_RX0_IRQHandler
 .text.HAL_MspInit
                0x080003c8       0x44 build/stm32f1xx_hal_msp.o
                0x080003c8                HAL_MspInit
 .text.MX_USB_DEVICE_Init
                0x0800040c       0x54 build/usb_device.o
                0x0800040c                MX_USB_DEVICE_Init
 .text.USBD_FS_DeviceDescriptor
                0x08000460        0xc build/usbd_desc.o
                0x08000460                USBD_FS_DeviceDescriptor
 .text.USBD_FS_LangIDStrDescriptor
                0x0800046c        0xc build/usbd_desc.o
                0x0800046c                USBD_FS_LangIDStrDescriptor
 .text.IntToUnicode
                0x08000478       0x46 build/usbd_desc.o
 *fill*         0x080004be        0x2 
 .text.Get_SerialNum
                0x080004c0       0x38 build/usbd_desc.o
 .text.USBD_FS_SerialStrDescriptor
                0x080004f8       0x14 build/usbd_desc.o
                0x080004f8                USBD_FS_SerialStrDescriptor
 .text.USBD_FS_ProductStrDescriptor
                0x0800050c       0x24 build/usbd_desc.o
                0x0800050c                USBD_FS_ProductStrDescriptor
 .text.USBD_FS_ManufacturerStrDescriptor
                0x08000530       0x1c build/usbd_desc.o
                0x08000530                USBD_FS_ManufacturerStrDescriptor
 .text.USBD_FS_ConfigStrDescriptor
                0x0800054c       0x24 build/usbd_desc.o
                0x0800054c                USBD_FS_ConfigStrDescriptor
 .text.USBD_FS_InterfaceStrDescriptor
                0x08000570       0x24 build/usbd_desc.o
                0x08000570                USBD_FS_InterfaceStrDescriptor
 .text.CDC_DeInit_FS
                0x08000594        0x4 build/usbd_cdc_if.o
 .text.CDC_Control_FS
                0x08000598        0x4 build/usbd_cdc_if.o
 .text.CDC_Receive_FS
                0x0800059c       0x1c build/usbd_cdc_if.o
 .text.CDC_Init_FS
                0x080005b8       0x28 build/usbd_cdc_if.o
 .text.USBD_Get_USB_Status
                0x080005e0       0x14 build/usbd_conf.o
 .text.HAL_PCD_MspInit
                0x080005f4       0x40 build/usbd_conf.o
                0x080005f4                HAL_PCD_MspInit
 .text.HAL_PCD_SetupStageCallback
                0x08000634       0x10 build/usbd_conf.o
                0x08000634                HAL_PCD_SetupStageCallback
 .text.HAL_PCD_DataOutStageCallback
                0x08000644       0x18 build/usbd_conf.o
                0x08000644                HAL_PCD_DataOutStageCallback
 .text.HAL_PCD_DataInStageCallback
                0x0800065c       0x16 build/usbd_conf.o
                0x0800065c                HAL_PCD_DataInStageCallback
 .text.HAL_PCD_SOFCallback
                0x08000672        0xc build/usbd_conf.o
                0x08000672                HAL_PCD_SOFCallback
 .text.HAL_PCD_ResetCallback
                0x0800067e       0x24 build/usbd_conf.o
                0x0800067e                HAL_PCD_ResetCallback
 *fill*         0x080006a2        0x2 
 .text.HAL_PCD_SuspendCallback
                0x080006a4       0x20 build/usbd_conf.o
                0x080006a4                HAL_PCD_SuspendCallback
 .text.HAL_PCD_ResumeCallback
                0x080006c4        0xc build/usbd_conf.o
                0x080006c4                HAL_PCD_ResumeCallback
 .text.USBD_LL_Init
                0x080006d0       0x84 build/usbd_conf.o
                0x080006d0                USBD_LL_Init
 .text.USBD_LL_Start
                0x08000754       0x10 build/usbd_conf.o
                0x08000754                USBD_LL_Start
 .text.USBD_LL_OpenEP
                0x08000764       0x16 build/usbd_conf.o
                0x08000764                USBD_LL_OpenEP
 .text.USBD_LL_CloseEP
                0x0800077a       0x10 build/usbd_conf.o
                0x0800077a                USBD_LL_CloseEP
 .text.USBD_LL_StallEP
                0x0800078a       0x10 build/usbd_conf.o
                0x0800078a                USBD_LL_StallEP
 .text.USBD_LL_ClearStallEP
                0x0800079a       0x10 build/usbd_conf.o
                0x0800079a                USBD_LL_ClearStallEP
 .text.USBD_LL_IsStallEP
                0x080007aa       0x2e build/usbd_conf.o
                0x080007aa                USBD_LL_IsStallEP
 .text.USBD_LL_SetUSBAddress
                0x080007d8       0x10 build/usbd_conf.o
                0x080007d8                USBD_LL_SetUSBAddress
 .text.USBD_LL_Transmit
                0x080007e8       0x10 build/usbd_conf.o
                0x080007e8                USBD_LL_Transmit
 .text.USBD_LL_PrepareReceive
                0x080007f8       0x10 build/usbd_conf.o
                0x080007f8                USBD_LL_PrepareReceive
 .text.USBD_LL_GetRxDataSize
                0x08000808        0xc build/usbd_conf.o
                0x08000808                USBD_LL_GetRxDataSize
 .text.USBD_static_malloc
                0x08000814        0x8 build/usbd_conf.o
                0x08000814                USBD_static_malloc
 .text.USBD_static_free
                0x0800081c        0x2 build/usbd_conf.o
                0x0800081c                USBD_static_free
 .text.HAL_PCDEx_SetConnectionState
                0x0800081e        0x2 build/usbd_conf.o
                0x0800081e                HAL_PCDEx_SetConnectionState
 .text.HAL_PCD_EP_DB_Receive
                0x08000820      0x11c build/stm32f1xx_hal_pcd.o
 .text.HAL_PCD_Init
                0x0800093c      0x110 build/stm32f1xx_hal_pcd.o
                0x0800093c                HAL_PCD_Init
 .text.HAL_PCD_Start
                0x08000a4c       0x32 build/stm32f1xx_hal_pcd.o
                0x08000a4c                HAL_PCD_Start
 .text.HAL_PCD_EP_DB_Transmit
                0x08000a7e      0x424 build/stm32f1xx_hal_pcd.o
 .text.PCD_EP_ISR_Handler
                0x08000ea2      0x536 build/stm32f1xx_hal_pcd.o
 .text.HAL_PCD_SetAddress
                0x080013d8       0x28 build/stm32f1xx_hal_pcd.o
                0x080013d8                HAL_PCD_SetAddress
 .text.HAL_PCD_IRQHandler
                0x08001400      0x1b0 build/stm32f1xx_hal_pcd.o
                0x08001400                HAL_PCD_IRQHandler
 .text.HAL_PCD_EP_Open
                0x080015b0       0x7c build/stm32f1xx_hal_pcd.o
                0x080015b0                HAL_PCD_EP_Open
 .text.HAL_PCD_EP_Close
                0x0800162c       0x64 build/stm32f1xx_hal_pcd.o
                0x0800162c                HAL_PCD_EP_Close
 .text.HAL_PCD_EP_Receive
                0x08001690       0x3a build/stm32f1xx_hal_pcd.o
                0x08001690                HAL_PCD_EP_Receive
 .text.HAL_PCD_EP_GetRxCount
                0x080016ca       0x12 build/stm32f1xx_hal_pcd.o
                0x080016ca                HAL_PCD_EP_GetRxCount
 .text.HAL_PCD_EP_Transmit
                0x080016dc       0x44 build/stm32f1xx_hal_pcd.o
                0x080016dc                HAL_PCD_EP_Transmit
 .text.HAL_PCD_EP_SetStall
                0x08001720       0x78 build/stm32f1xx_hal_pcd.o
                0x08001720                HAL_PCD_EP_SetStall
 .text.HAL_PCD_EP_ClrStall
                0x08001798       0x76 build/stm32f1xx_hal_pcd.o
                0x08001798                HAL_PCD_EP_ClrStall
 .text.HAL_PCDEx_PMAConfig
                0x0800180e       0x38 build/stm32f1xx_hal_pcd_ex.o
                0x0800180e                HAL_PCDEx_PMAConfig
 .text.USB_CoreInit
                0x08001846        0xe build/stm32f1xx_ll_usb.o
                0x08001846                USB_CoreInit
 .text.USB_EnableGlobalInt
                0x08001854       0x12 build/stm32f1xx_ll_usb.o
                0x08001854                USB_EnableGlobalInt
 .text.USB_DisableGlobalInt
                0x08001866       0x14 build/stm32f1xx_ll_usb.o
                0x08001866                USB_DisableGlobalInt
 .text.USB_SetCurrentMode
                0x0800187a        0x4 build/stm32f1xx_ll_usb.o
                0x0800187a                USB_SetCurrentMode
 .text.USB_DevInit
                0x0800187e       0x22 build/stm32f1xx_ll_usb.o
                0x0800187e                USB_DevInit
 .text.USB_ActivateEndpoint
                0x080018a0      0x3ca build/stm32f1xx_ll_usb.o
                0x080018a0                USB_ActivateEndpoint
 .text.USB_DeactivateEndpoint
                0x08001c6a      0x1d6 build/stm32f1xx_ll_usb.o
                0x08001c6a                USB_DeactivateEndpoint
 .text.USB_EPSetStall
                0x08001e40       0x4a build/stm32f1xx_ll_usb.o
                0x08001e40                USB_EPSetStall
 .text.USB_EPClearStall
                0x08001e8a       0xa2 build/stm32f1xx_ll_usb.o
                0x08001e8a                USB_EPClearStall
 .text.USB_SetDevAddress
                0x08001f2c        0xc build/stm32f1xx_ll_usb.o
                0x08001f2c                USB_SetDevAddress
 .text.USB_DevConnect
                0x08001f38        0x4 build/stm32f1xx_ll_usb.o
                0x08001f38                USB_DevConnect
 .text.USB_DevDisconnect
                0x08001f3c        0x4 build/stm32f1xx_ll_usb.o
                0x08001f3c                USB_DevDisconnect
 .text.USB_ReadInterrupts
                0x08001f40        0x8 build/stm32f1xx_ll_usb.o
                0x08001f40                USB_ReadInterrupts
 .text.USB_EP0_OutStart
                0x08001f48        0x4 build/stm32f1xx_ll_usb.o
                0x08001f48                USB_EP0_OutStart
 .text.USB_WritePMA
                0x08001f4c       0x28 build/stm32f1xx_ll_usb.o
                0x08001f4c                USB_WritePMA
 .text.USB_EPStartXfer
                0x08001f74      0x7ce build/stm32f1xx_ll_usb.o
                0x08001f74                USB_EPStartXfer
 .text.USB_ReadPMA
                0x08002742       0x30 build/stm32f1xx_ll_usb.o
                0x08002742                USB_ReadPMA
 *fill*         0x08002772        0x2 
 .text.HAL_InitTick
                0x08002774       0x4c build/stm32f1xx_hal.o
                0x08002774                HAL_InitTick
 .text.HAL_Init
                0x080027c0       0x24 build/stm32f1xx_hal.o
                0x080027c0                HAL_Init
 .text.HAL_IncTick
                0x080027e4       0x18 build/stm32f1xx_hal.o
                0x080027e4                HAL_IncTick
 .text.HAL_GetTick
                0x080027fc        0xc build/stm32f1xx_hal.o
                0x080027fc                HAL_GetTick
 .text.RCC_Delay
                0x08002808       0x2c build/stm32f1xx_hal_rcc.o
 .text.HAL_RCC_OscConfig
                0x08002834      0x410 build/stm32f1xx_hal_rcc.o
                0x08002834                HAL_RCC_OscConfig
 .text.HAL_RCC_GetSysClockFreq
                0x08002c44       0x54 build/stm32f1xx_hal_rcc.o
                0x08002c44                HAL_RCC_GetSysClockFreq
 .text.HAL_RCC_ClockConfig
                0x08002c98      0x16c build/stm32f1xx_hal_rcc.o
                0x08002c98                HAL_RCC_ClockConfig
 .text.HAL_RCC_GetHCLKFreq
                0x08002e04        0xc build/stm32f1xx_hal_rcc.o
                0x08002e04                HAL_RCC_GetHCLKFreq
 .text.HAL_RCC_GetPCLK1Freq
                0x08002e10       0x20 build/stm32f1xx_hal_rcc.o
                0x08002e10                HAL_RCC_GetPCLK1Freq
 .text.HAL_RCC_GetPCLK2Freq
                0x08002e30       0x20 build/stm32f1xx_hal_rcc.o
                0x08002e30                HAL_RCC_GetPCLK2Freq
 .text.HAL_RCCEx_PeriphCLKConfig
                0x08002e50      0x118 build/stm32f1xx_hal_rcc_ex.o
                0x08002e50                HAL_RCCEx_PeriphCLKConfig
 .text.HAL_GPIO_Init
                0x08002f68      0x224 build/stm32f1xx_hal_gpio.o
                0x08002f68                HAL_GPIO_Init
 .text.HAL_GPIO_WritePin
                0x0800318c        0xc build/stm32f1xx_hal_gpio.o
                0x0800318c                HAL_GPIO_WritePin
 .text.HAL_NVIC_SetPriorityGrouping
                0x08003198       0x24 build/stm32f1xx_hal_cortex.o
                0x08003198                HAL_NVIC_SetPriorityGrouping
 .text.HAL_NVIC_SetPriority
                0x080031bc       0x70 build/stm32f1xx_hal_cortex.o
                0x080031bc                HAL_NVIC_SetPriority
 .text.HAL_NVIC_EnableIRQ
                0x0800322c       0x1c build/stm32f1xx_hal_cortex.o
                0x0800322c                HAL_NVIC_EnableIRQ
 .text.HAL_SYSTICK_Config
                0x08003248       0x28 build/stm32f1xx_hal_cortex.o
                0x08003248                HAL_SYSTICK_Config
 .text.UART_SetConfig
                0x08003270       0x94 build/stm32f1xx_hal_uart.o
 .text.HAL_UART_Init
                0x08003304       0x60 build/stm32f1xx_hal_uart.o
                0x08003304                HAL_UART_Init
 .text.SystemInit
                0x08003364        0x2 build/system_stm32f1xx.o
                0x08003364                SystemInit
 .text.USBD_Init
                0x08003366       0x2e build/usbd_core.o
                0x08003366                USBD_Init
 .text.USBD_RegisterClass
                0x08003394        0xe build/usbd_core.o
                0x08003394                USBD_RegisterClass
 .text.USBD_Start
                0x080033a2        0xa build/usbd_core.o
                0x080033a2                USBD_Start
 .text.USBD_SetClassConfig
                0x080033ac       0x18 build/usbd_core.o
                0x080033ac                USBD_SetClassConfig
 .text.USBD_ClrClassConfig
                0x080033c4        0xe build/usbd_core.o
                0x080033c4                USBD_ClrClassConfig
 .text.USBD_LL_SetupStage
                0x080033d2       0x5a build/usbd_core.o
                0x080033d2                USBD_LL_SetupStage
 .text.USBD_LL_DataOutStage
                0x0800342c       0x8c build/usbd_core.o
                0x0800342c                USBD_LL_DataOutStage
 .text.USBD_LL_DataInStage
                0x080034b8       0xd0 build/usbd_core.o
                0x080034b8                USBD_LL_DataInStage
 .text.USBD_LL_Reset
                0x08003588       0x50 build/usbd_core.o
                0x08003588                USBD_LL_Reset
 .text.USBD_LL_SetSpeed
                0x080035d8        0x6 build/usbd_core.o
                0x080035d8                USBD_LL_SetSpeed
 .text.USBD_LL_Suspend
                0x080035de       0x12 build/usbd_core.o
                0x080035de                USBD_LL_Suspend
 .text.USBD_LL_Resume
                0x080035f0       0x16 build/usbd_core.o
                0x080035f0                USBD_LL_Resume
 .text.USBD_LL_SOF
                0x08003606       0x1c build/usbd_core.o
                0x08003606                USBD_LL_SOF
 .text.USBD_GetLen
                0x08003622       0x14 build/usbd_ctlreq.o
 .text.USBD_SetFeature
                0x08003636       0x14 build/usbd_ctlreq.o
 .text.USBD_ParseSetupRequest
                0x0800364a       0x28 build/usbd_ctlreq.o
                0x0800364a                USBD_ParseSetupRequest
 .text.USBD_CtlError
                0x08003672       0x14 build/usbd_ctlreq.o
                0x08003672                USBD_CtlError
 .text.USBD_GetDescriptor
                0x08003686      0x186 build/usbd_ctlreq.o
 .text.USBD_SetAddress
                0x0800380c       0x4e build/usbd_ctlreq.o
 *fill*         0x0800385a        0x2 
 .text.USBD_SetConfig
                0x0800385c       0xb0 build/usbd_ctlreq.o
 .text.USBD_GetConfig
                0x0800390c       0x3e build/usbd_ctlreq.o
 .text.USBD_GetStatus
                0x0800394a       0x38 build/usbd_ctlreq.o
 .text.USBD_ClrFeature
                0x08003982       0x26 build/usbd_ctlreq.o
 .text.USBD_StdDevReq
                0x080039a8       0x68 build/usbd_ctlreq.o
                0x080039a8                USBD_StdDevReq
 .text.USBD_StdItfReq
                0x08003a10       0x60 build/usbd_ctlreq.o
                0x08003a10                USBD_StdItfReq
 .text.USBD_StdEPReq
                0x08003a70      0x1e2 build/usbd_ctlreq.o
                0x08003a70                USBD_StdEPReq
 .text.USBD_GetString
                0x08003c52       0x3a build/usbd_ctlreq.o
                0x08003c52                USBD_GetString
 .text.USBD_CtlSendData
                0x08003c8c       0x1a build/usbd_ioreq.o
                0x08003c8c                USBD_CtlSendData
 .text.USBD_CtlContinueSendData
                0x08003ca6       0x10 build/usbd_ioreq.o
                0x08003ca6                USBD_CtlContinueSendData
 .text.USBD_CtlPrepareRx
                0x08003cb6       0x1e build/usbd_ioreq.o
                0x08003cb6                USBD_CtlPrepareRx
 .text.USBD_CtlContinueRx
                0x08003cd4       0x10 build/usbd_ioreq.o
                0x08003cd4                USBD_CtlContinueRx
 .text.USBD_CtlSendStatus
                0x08003ce4       0x16 build/usbd_ioreq.o
                0x08003ce4                USBD_CtlSendStatus
 .text.USBD_CtlReceiveStatus
                0x08003cfa       0x16 build/usbd_ioreq.o
                0x08003cfa                USBD_CtlReceiveStatus
 .text.USBD_CDC_EP0_RxReady
                0x08003d10       0x28 build/usbd_cdc.o
 .text.USBD_CDC_GetFSCfgDesc
                0x08003d38        0xc build/usbd_cdc.o
 .text.USBD_CDC_GetHSCfgDesc
                0x08003d44        0xc build/usbd_cdc.o
 .text.USBD_CDC_GetOtherSpeedCfgDesc
                0x08003d50        0xc build/usbd_cdc.o
 .text.USBD_CDC_GetDeviceQualifierDescriptor
                0x08003d5c        0xc build/usbd_cdc.o
                0x08003d5c                USBD_CDC_GetDeviceQualifierDescriptor
 .text.USBD_CDC_DataOut
                0x08003d68       0x2e build/usbd_cdc.o
 .text.USBD_CDC_DataIn
                0x08003d96       0x4e build/usbd_cdc.o
 .text.USBD_CDC_Setup
                0x08003de4       0xd6 build/usbd_cdc.o
 .text.USBD_CDC_DeInit
                0x08003eba       0x42 build/usbd_cdc.o
 .text.USBD_CDC_Init
                0x08003efc       0xaa build/usbd_cdc.o
 .text.USBD_CDC_RegisterInterface
                0x08003fa6        0xe build/usbd_cdc.o
                0x08003fa6                USBD_CDC_RegisterInterface
 .text.USBD_CDC_SetTxBuffer
                0x08003fb4       0x10 build/usbd_cdc.o
                0x08003fb4                USBD_CDC_SetTxBuffer
 .text.USBD_CDC_SetRxBuffer
                0x08003fc4        0xc build/usbd_cdc.o
                0x08003fc4                USBD_CDC_SetRxBuffer
 .text.USBD_CDC_ReceivePacket
                0x08003fd0       0x30 build/usbd_cdc.o
                0x08003fd0                USBD_CDC_ReceivePacket
 .text.Reset_Handler
                0x08004000       0x48 build/startup_stm32f103xb.o
                0x08004000                Reset_Handler
 .text.Default_Handler
                0x08004048        0x2 build/startup_stm32f103xb.o
                0x08004048                RTC_Alarm_IRQHandler
                0x08004048                EXTI2_IRQHandler
                0x08004048                TIM1_CC_IRQHandler
                0x08004048                PVD_IRQHandler
                0x08004048                EXTI3_IRQHandler
                0x08004048                EXTI0_IRQHandler
                0x08004048                I2C2_EV_IRQHandler
                0x08004048                ADC1_2_IRQHandler
                0x08004048                SPI1_IRQHandler
                0x08004048                TAMPER_IRQHandler
                0x08004048                DMA1_Channel4_IRQHandler
                0x08004048                USART3_IRQHandler
                0x08004048                RTC_IRQHandler
                0x08004048                DMA1_Channel7_IRQHandler
                0x08004048                CAN1_RX1_IRQHandler
                0x08004048                TIM4_IRQHandler
                0x08004048                I2C1_EV_IRQHandler
                0x08004048                DMA1_Channel6_IRQHandler
                0x08004048                TIM3_IRQHandler
                0x08004048                RCC_IRQHandler
                0x08004048                TIM1_TRG_COM_IRQHandler
                0x08004048                DMA1_Channel1_IRQHandler
                0x08004048                Default_Handler
                0x08004048                EXTI15_10_IRQHandler
                0x08004048                EXTI9_5_IRQHandler
                0x08004048                SPI2_IRQHandler
                0x08004048                DMA1_Channel5_IRQHandler
                0x08004048                EXTI4_IRQHandler
                0x08004048                USB_HP_CAN1_TX_IRQHandler
                0x08004048                DMA1_Channel3_IRQHandler
                0x08004048                TIM1_UP_IRQHandler
                0x08004048                WWDG_IRQHandler
                0x08004048                TIM2_IRQHandler
                0x08004048                TIM1_BRK_IRQHandler
                0x08004048                EXTI1_IRQHandler
                0x08004048                USART2_IRQHandler
                0x08004048                I2C2_ER_IRQHandler
                0x08004048                DMA1_Channel2_IRQHandler
                0x08004048                CAN1_SCE_IRQHandler
                0x08004048                FLASH_IRQHandler
                0x08004048                USART1_IRQHandler
                0x08004048                I2C1_ER_IRQHandler
                0x08004048                USBWakeUp_IRQHandler
 *fill*         0x0800404a        0x2 
 .text.__libc_init_array
                0x0800404c       0x48 c:/program files (x86)/gnu arm embedded toolchain/10 2021.10/bin/../lib/gcc/arm-none-eabi/10.3.1/../../../../arm-none-eabi/lib/thumb/v7-m/nofp\libc_nano.a(lib_a-init.o)
                0x0800404c                __libc_init_array
 .text.memset   0x08004094       0x10 c:/program files (x86)/gnu arm embedded toolchain/10 2021.10/bin/../lib/gcc/arm-none-eabi/10.3.1/../../../../arm-none-eabi/lib/thumb/v7-m/nofp\libc_nano.a(lib_a-memset.o)
                0x08004094                memset
 *(.glue_7)
 .glue_7        0x080040a4        0x0 linker stubs
 *(.glue_7t)
 .glue_7t       0x080040a4        0x0 linker stubs
 *(.eh_frame)
 .eh_frame      0x080040a4        0x0 c:/program files (x86)/gnu arm embedded toolchain/10 2021.10/bin/../lib/gcc/arm-none-eabi/10.3.1/thumb/v7-m/nofp/crtbegin.o
 *(.init)
 .init          0x080040a4        0x4 c:/program files (x86)/gnu arm embedded toolchain/10 2021.10/bin/../lib/gcc/arm-none-eabi/10.3.1/thumb/v7-m/nofp/crti.o
                0x080040a4                _init
 .init          0x080040a8        0x8 c:/program files (x86)/gnu arm embedded toolchain/10 2021.10/bin/../lib/gcc/arm-none-eabi/10.3.1/thumb/v7-m/nofp/crtn.o
 *(.fini)
 .fini          0x080040b0        0x4 c:/program files (x86)/gnu arm embedded toolchain/10 2021.10/bin/../lib/gcc/arm-none-eabi/10.3.1/thumb/v7-m/nofp/crti.o
                0x080040b0                _fini
 .fini          0x080040b4        0x8 c:/program files (x86)/gnu arm embedded toolchain/10 2021.10/bin/../lib/gcc/arm-none-eabi/10.3.1/thumb/v7-m/nofp/crtn.o
                0x080040bc                . = ALIGN (0x4)
                0x080040bc                _etext = .

.vfp11_veneer   0x080040bc        0x0
 .vfp11_veneer  0x080040bc        0x0 linker stubs

.v4_bx          0x080040bc        0x0
 .v4_bx         0x080040bc        0x0 linker stubs

.iplt           0x080040bc        0x0
 .iplt          0x080040bc        0x0 c:/program files (x86)/gnu arm embedded toolchain/10 2021.10/bin/../lib/gcc/arm-none-eabi/10.3.1/thumb/v7-m/nofp/crtbegin.o

.rodata         0x080040bc       0x74
                0x080040bc                . = ALIGN (0x4)
 *(.rodata)
 *(.rodata*)
 .rodata.USBD_FS_ProductStrDescriptor.str1.4
                0x080040bc       0x16 build/usbd_desc.o
 *fill*         0x080040d2        0x2 
 .rodata.USBD_FS_ManufacturerStrDescriptor.str1.4
                0x080040d4       0x13 build/usbd_desc.o
 *fill*         0x080040e7        0x1 
 .rodata.USBD_FS_ConfigStrDescriptor.str1.4
                0x080040e8        0xb build/usbd_desc.o
 *fill*         0x080040f3        0x1 
 .rodata.USBD_FS_InterfaceStrDescriptor.str1.4
                0x080040f4        0xe build/usbd_desc.o
 *fill*         0x08004102        0x2 
 .rodata.aPLLMULFactorTable.1
                0x08004104       0x10 build/stm32f1xx_hal_rcc.o
 .rodata.aPredivFactorTable.0
                0x08004114        0x2 build/stm32f1xx_hal_rcc.o
 *fill*         0x08004116        0x2 
 .rodata.AHBPrescTable
                0x08004118       0x10 build/system_stm32f1xx.o
                0x08004118                AHBPrescTable
 .rodata.APBPrescTable
                0x08004128        0x8 build/system_stm32f1xx.o
                0x08004128                APBPrescTable
                0x08004130                . = ALIGN (0x4)

.rel.dyn        0x08004130        0x0
 .rel.iplt      0x08004130        0x0 c:/program files (x86)/gnu arm embedded toolchain/10 2021.10/bin/../lib/gcc/arm-none-eabi/10.3.1/thumb/v7-m/nofp/crtbegin.o

.ARM.extab
 *(.ARM.extab* .gnu.linkonce.armextab.*)

.ARM            0x08004130        0x0
                0x08004130                __exidx_start = .
 *(.ARM.exidx*)
                0x08004130                __exidx_end = .

.preinit_array  0x08004130        0x0
                0x08004130                PROVIDE (__preinit_array_start = .)
 *(.preinit_array*)
                0x08004130                PROVIDE (__preinit_array_end = .)

.init_array     0x08004130        0x4
                0x08004130                PROVIDE (__init_array_start = .)
 *(SORT_BY_NAME(.init_array.*))
 *(.init_array*)
 .init_array    0x08004130        0x4 c:/program files (x86)/gnu arm embedded toolchain/10 2021.10/bin/../lib/gcc/arm-none-eabi/10.3.1/thumb/v7-m/nofp/crtbegin.o
                0x08004134                PROVIDE (__init_array_end = .)

.fini_array     0x08004134        0x4
                [!provide]                PROVIDE (__fini_array_start = .)
 *(SORT_BY_NAME(.fini_array.*))
 *(.fini_array*)
 .fini_array    0x08004134        0x4 c:/program files (x86)/gnu arm embedded toolchain/10 2021.10/bin/../lib/gcc/arm-none-eabi/10.3.1/thumb/v7-m/nofp/crtbegin.o
                [!provide]                PROVIDE (__fini_array_end = .)
                0x08004138                _sidata = LOADADDR (.data)

.data           0x20000000      0x17c load address 0x08004138
                0x20000000                . = ALIGN (0x4)
                0x20000000                _sdata = .
 *(.data)
 *(.data*)
 .data.FS_Desc  0x20000000       0x1c build/usbd_desc.o
                0x20000000                FS_Desc
 .data.USBD_FS_DeviceDesc
                0x2000001c       0x12 build/usbd_desc.o
                0x2000001c                USBD_FS_DeviceDesc
 *fill*         0x2000002e        0x2 
 .data.USBD_LangIDDesc
                0x20000030        0x4 build/usbd_desc.o
                0x20000030                USBD_LangIDDesc
 .data.USBD_StringSerial
                0x20000034       0x1a build/usbd_desc.o
                0x20000034                USBD_StringSerial
 *fill*         0x2000004e        0x2 
 .data.USBD_Interface_fops_FS
                0x20000050       0x10 build/usbd_cdc_if.o
                0x20000050                USBD_Interface_fops_FS
 .data.uwTickFreq
                0x20000060        0x1 build/stm32f1xx_hal.o
                0x20000060                uwTickFreq
 *fill*         0x20000061        0x3 
 .data.uwTickPrio
                0x20000064        0x4 build/stm32f1xx_hal.o
                0x20000064                uwTickPrio
 .data.SystemCoreClock
                0x20000068        0x4 build/system_stm32f1xx.o
                0x20000068                SystemCoreClock
 .data.USBD_CDC
                0x2000006c       0x38 build/usbd_cdc.o
                0x2000006c                USBD_CDC
 .data.USBD_CDC_CfgFSDesc
                0x200000a4       0x43 build/usbd_cdc.o
                0x200000a4                USBD_CDC_CfgFSDesc
 *fill*         0x200000e7        0x1 
 .data.USBD_CDC_CfgHSDesc
                0x200000e8       0x43 build/usbd_cdc.o
                0x200000e8                USBD_CDC_CfgHSDesc
 *fill*         0x2000012b        0x1 
 .data.USBD_CDC_DeviceQualifierDesc
                0x2000012c        0xa build/usbd_cdc.o
 *fill*         0x20000136        0x2 
 .data.USBD_CDC_OtherSpeedCfgDesc
                0x20000138       0x43 build/usbd_cdc.o
                0x20000138                USBD_CDC_OtherSpeedCfgDesc
                0x2000017c                . = ALIGN (0x4)
 *fill*         0x2000017b        0x1 
                0x2000017c                _edata = .

.igot.plt       0x2000017c        0x0 load address 0x080042b4
 .igot.plt      0x2000017c        0x0 c:/program files (x86)/gnu arm embedded toolchain/10 2021.10/bin/../lib/gcc/arm-none-eabi/10.3.1/thumb/v7-m/nofp/crtbegin.o
                0x2000017c                . = ALIGN (0x4)

.bss            0x2000017c     0x1240 load address 0x080042b4
                0x2000017c                _sbss = .
                0x2000017c                __bss_start__ = _sbss
 *(.bss)
 .bss           0x2000017c       0x1c c:/program files (x86)/gnu arm embedded toolchain/10 2021.10/bin/../lib/gcc/arm-none-eabi/10.3.1/thumb/v7-m/nofp/crtbegin.o
 *(.bss*)
 .bss.huart1    0x20000198       0x48 build/usart.o
                0x20000198                huart1
 .bss.hUsbDeviceFS
                0x200001e0      0x2c4 build/usb_device.o
                0x200001e0                hUsbDeviceFS
 .bss.USBD_StrDesc
                0x200004a4      0x200 build/usbd_desc.o
                0x200004a4                USBD_StrDesc
 .bss.UserRxBufferFS
                0x200006a4      0x400 build/usbd_cdc_if.o
                0x200006a4                UserRxBufferFS
 .bss.UserTxBufferFS
                0x20000aa4      0x400 build/usbd_cdc_if.o
                0x20000aa4                UserTxBufferFS
 .bss.hpcd_USB_FS
                0x20000ea4      0x2f0 build/usbd_conf.o
                0x20000ea4                hpcd_USB_FS
 .bss.mem.0     0x20001194      0x220 build/usbd_conf.o
 .bss.uwTick    0x200013b4        0x4 build/stm32f1xx_hal.o
                0x200013b4                uwTick
 .bss.cfgidx.0  0x200013b8        0x1 build/usbd_ctlreq.o
 *(COMMON)
                0x200013bc                . = ALIGN (0x4)
 *fill*         0x200013b9        0x3 
                0x200013bc                _ebss = .
                0x200013bc                __bss_end__ = _ebss

._user_heap_stack
                0x200013bc      0x604 load address 0x080042b4
                0x200013c0                . = ALIGN (0x8)
 *fill*         0x200013bc        0x4 
                [!provide]                PROVIDE (end = .)
                [!provide]                PROVIDE (_end = .)
                0x200015c0                . = (. + _Min_Heap_Size)
 *fill*         0x200013c0      0x200 
                0x200019c0                . = (. + _Min_Stack_Size)
 *fill*         0x200015c0      0x400 
                0x200019c0                . = ALIGN (0x8)

/DISCARD/
 libc.a(*)
 libm.a(*)
 libgcc.a(*)

.ARM.attributes
                0x00000000       0x29
 *(.ARM.attributes)
 .ARM.attributes
                0x00000000       0x1d c:/program files (x86)/gnu arm embedded toolchain/10 2021.10/bin/../lib/gcc/arm-none-eabi/10.3.1/thumb/v7-m/nofp/crti.o
 .ARM.attributes
                0x0000001d       0x2d c:/program files (x86)/gnu arm embedded toolchain/10 2021.10/bin/../lib/gcc/arm-none-eabi/10.3.1/thumb/v7-m/nofp/crtbegin.o
 .ARM.attributes
                0x0000004a       0x2d build/main.o
 .ARM.attributes
                0x00000077       0x2d build/gpio.o
 .ARM.attributes
                0x000000a4       0x2d build/usart.o
 .ARM.attributes
                0x000000d1       0x2d build/stm32f1xx_it.o
 .ARM.attributes
                0x000000fe       0x2d build/stm32f1xx_hal_msp.o
 .ARM.attributes
                0x0000012b       0x2d build/usb_device.o
 .ARM.attributes
                0x00000158       0x2d build/usbd_desc.o
 .ARM.attributes
                0x00000185       0x2d build/usbd_cdc_if.o
 .ARM.attributes
                0x000001b2       0x2d build/usbd_conf.o
 .ARM.attributes
                0x000001df       0x2d build/stm32f1xx_hal_pcd.o
 .ARM.attributes
                0x0000020c       0x2d build/stm32f1xx_hal_pcd_ex.o
 .ARM.attributes
                0x00000239       0x2d build/stm32f1xx_ll_usb.o
 .ARM.attributes
                0x00000266       0x2d build/stm32f1xx_hal.o
 .ARM.attributes
                0x00000293       0x2d build/stm32f1xx_hal_rcc.o
 .ARM.attributes
                0x000002c0       0x2d build/stm32f1xx_hal_rcc_ex.o
 .ARM.attributes
                0x000002ed       0x2d build/stm32f1xx_hal_gpio.o
 .ARM.attributes
                0x0000031a       0x2d build/stm32f1xx_hal_cortex.o
 .ARM.attributes
                0x00000347       0x2d build/stm32f1xx_hal_uart.o
 .ARM.attributes
                0x00000374       0x2d build/system_stm32f1xx.o
 .ARM.attributes
                0x000003a1       0x2d build/usbd_core.o
 .ARM.attributes
                0x000003ce       0x2d build/usbd_ctlreq.o
 .ARM.attributes
                0x000003fb       0x2d build/usbd_ioreq.o
 .ARM.attributes
                0x00000428       0x2d build/usbd_cdc.o
 .ARM.attributes
                0x00000455       0x21 build/startup_stm32f103xb.o
 .ARM.attributes
                0x00000476       0x2d c:/program files (x86)/gnu arm embedded toolchain/10 2021.10/bin/../lib/gcc/arm-none-eabi/10.3.1/../../../../arm-none-eabi/lib/thumb/v7-m/nofp\libc_nano.a(lib_a-init.o)
 .ARM.attributes
                0x000004a3       0x2d c:/program files (x86)/gnu arm embedded toolchain/10 2021.10/bin/../lib/gcc/arm-none-eabi/10.3.1/../../../../arm-none-eabi/lib/thumb/v7-m/nofp\libc_nano.a(lib_a-memset.o)
 .ARM.attributes
                0x000004d0       0x1d c:/program files (x86)/gnu arm embedded toolchain/10 2021.10/bin/../lib/gcc/arm-none-eabi/10.3.1/thumb/v7-m/nofp/crtn.o
OUTPUT(build/CableTester.elf elf32-littlearm)
LOAD linker stubs
LOAD c:/program files (x86)/gnu arm embedded toolchain/10 2021.10/bin/../lib/gcc/arm-none-eabi/10.3.1/../../../../arm-none-eabi/lib/thumb/v7-m/nofp\libc.a
LOAD c:/program files (x86)/gnu arm embedded toolchain/10 2021.10/bin/../lib/gcc/arm-none-eabi/10.3.1/../../../../arm-none-eabi/lib/thumb/v7-m/nofp\libm.a
LOAD c:/program files (x86)/gnu arm embedded toolchain/10 2021.10/bin/../lib/gcc/arm-none-eabi/10.3.1/thumb/v7-m/nofp\libgcc.a

.debug_info     0x00000000    0x14138
 .debug_info    0x00000000      0x40a build/main.o
 .debug_info    0x0000040a      0x3f5 build/gpio.o
 .debug_info    0x000007ff      0x90b build/usart.o
 .debug_info    0x0000110a      0x713 build/stm32f1xx_it.o
 .debug_info    0x0000181d      0x238 build/stm32f1xx_hal_msp.o
 .debug_info    0x00001a55      0x741 build/usb_device.o
 .debug_info    0x00002196      0x62f build/usbd_desc.o
 .debug_info    0x000027c5      0x94d build/usbd_cdc_if.o
 .debug_info    0x00003112     0x1d64 build/usbd_conf.o
 .debug_info    0x00004e76     0x1ddc build/stm32f1xx_hal_pcd.o
 .debug_info    0x00006c52      0x7b9 build/stm32f1xx_hal_pcd_ex.o
 .debug_info    0x0000740b     0x1d28 build/stm32f1xx_ll_usb.o
 .debug_info    0x00009133      0x855 build/stm32f1xx_hal.o
 .debug_info    0x00009988      0xaf0 build/stm32f1xx_hal_rcc.o
 .debug_info    0x0000a478      0x47f build/stm32f1xx_hal_rcc_ex.o
 .debug_info    0x0000a8f7      0x6d7 build/stm32f1xx_hal_gpio.o
 .debug_info    0x0000afce      0xe2d build/stm32f1xx_hal_cortex.o
 .debug_info    0x0000bdfb     0x43a1 build/stm32f1xx_hal_uart.o
 .debug_info    0x0001019c      0x26e build/system_stm32f1xx.o
 .debug_info    0x0001040a      0xe5f build/usbd_core.o
 .debug_info    0x00011269     0x1135 build/usbd_ctlreq.o
 .debug_info    0x0001239e      0x883 build/usbd_ioreq.o
 .debug_info    0x00012c21     0x14f5 build/usbd_cdc.o
 .debug_info    0x00014116       0x22 build/startup_stm32f103xb.o

.debug_abbrev   0x00000000     0x311a
 .debug_abbrev  0x00000000      0x1a3 build/main.o
 .debug_abbrev  0x000001a3      0x13f build/gpio.o
 .debug_abbrev  0x000002e2      0x1cc build/usart.o
 .debug_abbrev  0x000004ae      0x168 build/stm32f1xx_it.o
 .debug_abbrev  0x00000616       0xe7 build/stm32f1xx_hal_msp.o
 .debug_abbrev  0x000006fd      0x181 build/usb_device.o
 .debug_abbrev  0x0000087e      0x21f build/usbd_desc.o
 .debug_abbrev  0x00000a9d      0x26c build/usbd_cdc_if.o
 .debug_abbrev  0x00000d09      0x2f6 build/usbd_conf.o
 .debug_abbrev  0x00000fff      0x2f1 build/stm32f1xx_hal_pcd.o
 .debug_abbrev  0x000012f0      0x184 build/stm32f1xx_hal_pcd_ex.o
 .debug_abbrev  0x00001474      0x262 build/stm32f1xx_ll_usb.o
 .debug_abbrev  0x000016d6      0x1f7 build/stm32f1xx_hal.o
 .debug_abbrev  0x000018cd      0x2b8 build/stm32f1xx_hal_rcc.o
 .debug_abbrev  0x00001b85      0x1d5 build/stm32f1xx_hal_rcc_ex.o
 .debug_abbrev  0x00001d5a      0x222 build/stm32f1xx_hal_gpio.o
 .debug_abbrev  0x00001f7c      0x359 build/stm32f1xx_hal_cortex.o
 .debug_abbrev  0x000022d5      0x334 build/stm32f1xx_hal_uart.o
 .debug_abbrev  0x00002609      0x140 build/system_stm32f1xx.o
 .debug_abbrev  0x00002749      0x27a build/usbd_core.o
 .debug_abbrev  0x000029c3      0x2cd build/usbd_ctlreq.o
 .debug_abbrev  0x00002c90      0x16f build/usbd_ioreq.o
 .debug_abbrev  0x00002dff      0x309 build/usbd_cdc.o
 .debug_abbrev  0x00003108       0x12 build/startup_stm32f103xb.o

.debug_loc      0x00000000     0xe485
 .debug_loc     0x00000000       0x66 build/main.o
 .debug_loc     0x00000066       0x38 build/gpio.o
 .debug_loc     0x0000009e      0x108 build/usart.o
 .debug_loc     0x000001a6       0x40 build/stm32f1xx_it.o
 .debug_loc     0x000001e6       0x41 build/stm32f1xx_hal_msp.o
 .debug_loc     0x00000227       0x20 build/usb_device.o
 .debug_loc     0x00000247      0x47b build/usbd_desc.o
 .debug_loc     0x000006c2      0x197 build/usbd_cdc_if.o
 .debug_loc     0x00000859      0xead build/usbd_conf.o
 .debug_loc     0x00001706     0x18cc build/stm32f1xx_hal_pcd.o
 .debug_loc     0x00002fd2      0x11a build/stm32f1xx_hal_pcd_ex.o
 .debug_loc     0x000030ec     0x1a6b build/stm32f1xx_ll_usb.o
 .debug_loc     0x00004b57      0x1e1 build/stm32f1xx_hal.o
 .debug_loc     0x00004d38      0x790 build/stm32f1xx_hal_rcc.o
 .debug_loc     0x000054c8      0x495 build/stm32f1xx_hal_rcc_ex.o
 .debug_loc     0x0000595d      0x551 build/stm32f1xx_hal_gpio.o
 .debug_loc     0x00005eae      0x77f build/stm32f1xx_hal_cortex.o
 .debug_loc     0x0000662d     0x4ebf build/stm32f1xx_hal_uart.o
 .debug_loc     0x0000b4ec       0xff build/system_stm32f1xx.o
 .debug_loc     0x0000b5eb      0xaf6 build/usbd_core.o
 .debug_loc     0x0000c0e1     0x1631 build/usbd_ctlreq.o
 .debug_loc     0x0000d712      0x364 build/usbd_ioreq.o
 .debug_loc     0x0000da76      0xa0f build/usbd_cdc.o

.debug_aranges  0x00000000      0xc50
 .debug_aranges
                0x00000000       0x30 build/main.o
 .debug_aranges
                0x00000030       0x20 build/gpio.o
 .debug_aranges
                0x00000050       0x30 build/usart.o
 .debug_aranges
                0x00000080       0x68 build/stm32f1xx_it.o
 .debug_aranges
                0x000000e8       0x20 build/stm32f1xx_hal_msp.o
 .debug_aranges
                0x00000108       0x20 build/usb_device.o
 .debug_aranges
                0x00000128       0x60 build/usbd_desc.o
 .debug_aranges
                0x00000188       0x40 build/usbd_cdc_if.o
 .debug_aranges
                0x000001c8      0x118 build/usbd_conf.o
 .debug_aranges
                0x000002e0      0x140 build/stm32f1xx_hal_pcd.o
 .debug_aranges
                0x00000420       0x38 build/stm32f1xx_hal_pcd_ex.o
 .debug_aranges
                0x00000458       0xf8 build/stm32f1xx_ll_usb.o
 .debug_aranges
                0x00000550       0xe0 build/stm32f1xx_hal.o
 .debug_aranges
                0x00000630       0x90 build/stm32f1xx_hal_rcc.o
 .debug_aranges
                0x000006c0       0x30 build/stm32f1xx_hal_rcc_ex.o
 .debug_aranges
                0x000006f0       0x58 build/stm32f1xx_hal_gpio.o
 .debug_aranges
                0x00000748       0x90 build/stm32f1xx_hal_cortex.o
 .debug_aranges
                0x000007d8      0x208 build/stm32f1xx_hal_uart.o
 .debug_aranges
                0x000009e0       0x28 build/system_stm32f1xx.o
 .debug_aranges
                0x00000a08       0xb8 build/usbd_core.o
 .debug_aranges
                0x00000ac0       0x88 build/usbd_ctlreq.o
 .debug_aranges
                0x00000b48       0x50 build/usbd_ioreq.o
 .debug_aranges
                0x00000b98       0x90 build/usbd_cdc.o
 .debug_aranges
                0x00000c28       0x28 build/startup_stm32f103xb.o

.debug_ranges   0x00000000      0xea0
 .debug_ranges  0x00000000       0x20 build/main.o
 .debug_ranges  0x00000020       0x10 build/gpio.o
 .debug_ranges  0x00000030       0x20 build/usart.o
 .debug_ranges  0x00000050       0x58 build/stm32f1xx_it.o
 .debug_ranges  0x000000a8       0x10 build/stm32f1xx_hal_msp.o
 .debug_ranges  0x000000b8       0x10 build/usb_device.o
 .debug_ranges  0x000000c8       0x50 build/usbd_desc.o
 .debug_ranges  0x00000118       0x30 build/usbd_cdc_if.o
 .debug_ranges  0x00000148      0x108 build/usbd_conf.o
 .debug_ranges  0x00000250      0x210 build/stm32f1xx_hal_pcd.o
 .debug_ranges  0x00000460       0x28 build/stm32f1xx_hal_pcd_ex.o
 .debug_ranges  0x00000488      0x320 build/stm32f1xx_ll_usb.o
 .debug_ranges  0x000007a8       0xd0 build/stm32f1xx_hal.o
 .debug_ranges  0x00000878       0xa0 build/stm32f1xx_hal_rcc.o
 .debug_ranges  0x00000918       0x38 build/stm32f1xx_hal_rcc_ex.o
 .debug_ranges  0x00000950       0x48 build/stm32f1xx_hal_gpio.o
 .debug_ranges  0x00000998       0xe0 build/stm32f1xx_hal_cortex.o
 .debug_ranges  0x00000a78      0x210 build/stm32f1xx_hal_uart.o
 .debug_ranges  0x00000c88       0x18 build/system_stm32f1xx.o
 .debug_ranges  0x00000ca0       0xa8 build/usbd_core.o
 .debug_ranges  0x00000d48       0x78 build/usbd_ctlreq.o
 .debug_ranges  0x00000dc0       0x40 build/usbd_ioreq.o
 .debug_ranges  0x00000e00       0x80 build/usbd_cdc.o
 .debug_ranges  0x00000e80       0x20 build/startup_stm32f103xb.o

.debug_line     0x00000000     0xd6a3
 .debug_line    0x00000000      0x30d build/main.o
 .debug_line    0x0000030d      0x253 build/gpio.o
 .debug_line    0x00000560      0x2eb build/usart.o
 .debug_line    0x0000084b      0x2e2 build/stm32f1xx_it.o
 .debug_line    0x00000b2d      0x175 build/stm32f1xx_hal_msp.o
 .debug_line    0x00000ca2      0x221 build/usb_device.o
 .debug_line    0x00000ec3      0x373 build/usbd_desc.o
 .debug_line    0x00001236      0x25a build/usbd_cdc_if.o
 .debug_line    0x00001490      0x7ad build/usbd_conf.o
 .debug_line    0x00001c3d     0x19e6 build/stm32f1xx_hal_pcd.o
 .debug_line    0x00003623      0x28b build/stm32f1xx_hal_pcd_ex.o
 .debug_line    0x000038ae     0x1956 build/stm32f1xx_ll_usb.o
 .debug_line    0x00005204      0x526 build/stm32f1xx_hal.o
 .debug_line    0x0000572a      0xc16 build/stm32f1xx_hal_rcc.o
 .debug_line    0x00006340      0x48b build/stm32f1xx_hal_rcc_ex.o
 .debug_line    0x000067cb      0x5d9 build/stm32f1xx_hal_gpio.o
 .debug_line    0x00006da4      0x631 build/stm32f1xx_hal_cortex.o
 .debug_line    0x000073d5     0x439b build/stm32f1xx_hal_uart.o
 .debug_line    0x0000b770      0x23e build/system_stm32f1xx.o
 .debug_line    0x0000b9ae      0x725 build/usbd_core.o
 .debug_line    0x0000c0d3      0xb0d build/usbd_ctlreq.o
 .debug_line    0x0000cbe0      0x29c build/usbd_ioreq.o
 .debug_line    0x0000ce7c      0x7b3 build/usbd_cdc.o
 .debug_line    0x0000d62f       0x74 build/startup_stm32f103xb.o

.debug_str      0x00000000     0x360b
 .debug_str     0x00000000      0x39f build/main.o
                                0x3e8 (size before relaxing)
 .debug_str     0x0000039f       0xda build/gpio.o
                                0x25d (size before relaxing)
 .debug_str     0x00000479      0x3f9 build/usart.o
                                0x6a0 (size before relaxing)
 .debug_str     0x00000872      0x3dd build/stm32f1xx_it.o
                                0x5c1 (size before relaxing)
 .debug_str     0x00000c4f       0x4d build/stm32f1xx_hal_msp.o
                                0x1ff (size before relaxing)
 .debug_str     0x00000c9c      0x3cc build/usb_device.o
                                0x626 (size before relaxing)
 .debug_str     0x00001068      0x181 build/usbd_desc.o
                                0x431 (size before relaxing)
 .debug_str     0x000011e9      0x12d build/usbd_cdc_if.o
                                0x6ed (size before relaxing)
 .debug_str     0x00001316      0x886 build/usbd_conf.o
                               0x117c (size before relaxing)
 .debug_str     0x00001b9c      0x352 build/stm32f1xx_hal_pcd.o
                                0xae8 (size before relaxing)
 .debug_str     0x00001eee      0x159 build/stm32f1xx_hal_pcd_ex.o
                                0x6a8 (size before relaxing)
 .debug_str     0x00002047      0x136 build/stm32f1xx_ll_usb.o
                                0x6fa (size before relaxing)
 .debug_str     0x0000217d      0x2ff build/stm32f1xx_hal.o
                                0x804 (size before relaxing)
 .debug_str     0x0000247c      0x1fe build/stm32f1xx_hal_rcc.o
                                0x60b (size before relaxing)
 .debug_str     0x0000267a       0x9c build/stm32f1xx_hal_rcc_ex.o
                                0x3b3 (size before relaxing)
 .debug_str     0x00002716       0xfa build/stm32f1xx_hal_gpio.o
                                0x3e0 (size before relaxing)
 .debug_str     0x00002810      0x31f build/stm32f1xx_hal_cortex.o
                                0x8b3 (size before relaxing)
 .debug_str     0x00002b2f      0x65a build/stm32f1xx_hal_uart.o
                                0xcd4 (size before relaxing)
 .debug_str     0x00003189       0x4f build/system_stm32f1xx.o
                                0x234 (size before relaxing)
 .debug_str     0x000031d8      0x13e build/usbd_core.o
                                0x811 (size before relaxing)
 .debug_str     0x00003316       0xe2 build/usbd_ctlreq.o
                                0x72b (size before relaxing)
 .debug_str     0x000033f8       0x60 build/usbd_ioreq.o
                                0x658 (size before relaxing)
 .debug_str     0x00003458      0x18f build/usbd_cdc.o
                                0xbe6 (size before relaxing)
 .debug_str     0x000035e7       0x24 build/startup_stm32f103xb.o
                                 0x53 (size before relaxing)

.comment        0x00000000       0x49
 .comment       0x00000000       0x49 build/main.o
                                 0x4a (size before relaxing)
 .comment       0x00000049       0x4a build/gpio.o
 .comment       0x00000049       0x4a build/usart.o
 .comment       0x00000049       0x4a build/stm32f1xx_it.o
 .comment       0x00000049       0x4a build/stm32f1xx_hal_msp.o
 .comment       0x00000049       0x4a build/usb_device.o
 .comment       0x00000049       0x4a build/usbd_desc.o
 .comment       0x00000049       0x4a build/usbd_cdc_if.o
 .comment       0x00000049       0x4a build/usbd_conf.o
 .comment       0x00000049       0x4a build/stm32f1xx_hal_pcd.o
 .comment       0x00000049       0x4a build/stm32f1xx_hal_pcd_ex.o
 .comment       0x00000049       0x4a build/stm32f1xx_ll_usb.o
 .comment       0x00000049       0x4a build/stm32f1xx_hal.o
 .comment       0x00000049       0x4a build/stm32f1xx_hal_rcc.o
 .comment       0x00000049       0x4a build/stm32f1xx_hal_rcc_ex.o
 .comment       0x00000049       0x4a build/stm32f1xx_hal_gpio.o
 .comment       0x00000049       0x4a build/stm32f1xx_hal_cortex.o
 .comment       0x00000049       0x4a build/stm32f1xx_hal_uart.o
 .comment       0x00000049       0x4a build/system_stm32f1xx.o
 .comment       0x00000049       0x4a build/usbd_core.o
 .comment       0x00000049       0x4a build/usbd_ctlreq.o
 .comment       0x00000049       0x4a build/usbd_ioreq.o
 .comment       0x00000049       0x4a build/usbd_cdc.o

.debug_frame    0x00000000     0x1d4c
 .debug_frame   0x00000000       0x58 build/main.o
 .debug_frame   0x00000058       0x34 build/gpio.o
 .debug_frame   0x0000008c       0x60 build/usart.o
 .debug_frame   0x000000ec       0xc0 build/stm32f1xx_it.o
 .debug_frame   0x000001ac       0x28 build/stm32f1xx_hal_msp.o
 .debug_frame   0x000001d4       0x28 build/usb_device.o
 .debug_frame   0x000001fc       0xe0 build/usbd_desc.o
 .debug_frame   0x000002dc       0x78 build/usbd_cdc_if.o
 .debug_frame   0x00000354      0x2ec build/usbd_conf.o
 .debug_frame   0x00000640      0x360 build/stm32f1xx_hal_pcd.o
 .debug_frame   0x000009a0       0x50 build/stm32f1xx_hal_pcd_ex.o
 .debug_frame   0x000009f0      0x20c build/stm32f1xx_ll_usb.o
 .debug_frame   0x00000bfc      0x1cc build/stm32f1xx_hal.o
 .debug_frame   0x00000dc8      0x184 build/stm32f1xx_hal_rcc.o
 .debug_frame   0x00000f4c       0x5c build/stm32f1xx_hal_rcc_ex.o
 .debug_frame   0x00000fa8       0xe4 build/stm32f1xx_hal_gpio.o
 .debug_frame   0x0000108c      0x118 build/stm32f1xx_hal_cortex.o
 .debug_frame   0x000011a4      0x5d8 build/stm32f1xx_hal_uart.o
 .debug_frame   0x0000177c       0x30 build/system_stm32f1xx.o
 .debug_frame   0x000017ac      0x1c4 build/usbd_core.o
 .debug_frame   0x00001970      0x178 build/usbd_ctlreq.o
 .debug_frame   0x00001ae8       0xb8 build/usbd_ioreq.o
 .debug_frame   0x00001ba0      0x160 build/usbd_cdc.o
 .debug_frame   0x00001d00       0x2c c:/program files (x86)/gnu arm embedded toolchain/10 2021.10/bin/../lib/gcc/arm-none-eabi/10.3.1/../../../../arm-none-eabi/lib/thumb/v7-m/nofp\libc_nano.a(lib_a-init.o)
 .debug_frame   0x00001d2c       0x20 c:/program files (x86)/gnu arm embedded toolchain/10 2021.10/bin/../lib/gcc/arm-none-eabi/10.3.1/../../../../arm-none-eabi/lib/thumb/v7-m/nofp\libc_nano.a(lib_a-memset.o)

Cross Reference Table

Symbol                                            File
ADC1_2_IRQHandler                                 build/startup_stm32f103xb.o
AHBPrescTable                                     build/system_stm32f1xx.o
                                                  build/stm32f1xx_hal_rcc.o
APBPrescTable                                     build/system_stm32f1xx.o
                                                  build/stm32f1xx_hal_rcc.o
BusFault_Handler                                  build/stm32f1xx_it.o
CAN1_RX1_IRQHandler                               build/startup_stm32f103xb.o
CAN1_SCE_IRQHandler                               build/startup_stm32f103xb.o
CDC_Transmit_FS                                   build/usbd_cdc_if.o
DMA1_Channel1_IRQHandler                          build/startup_stm32f103xb.o
DMA1_Channel2_IRQHandler                          build/startup_stm32f103xb.o
DMA1_Channel3_IRQHandler                          build/startup_stm32f103xb.o
DMA1_Channel4_IRQHandler                          build/startup_stm32f103xb.o
DMA1_Channel5_IRQHandler                          build/startup_stm32f103xb.o
DMA1_Channel6_IRQHandler                          build/startup_stm32f103xb.o
DMA1_Channel7_IRQHandler                          build/startup_stm32f103xb.o
DebugMon_Handler                                  build/stm32f1xx_it.o
Default_Handler                                   build/startup_stm32f103xb.o
EXTI0_IRQHandler                                  build/startup_stm32f103xb.o
EXTI15_10_IRQHandler                              build/startup_stm32f103xb.o
EXTI1_IRQHandler                                  build/startup_stm32f103xb.o
EXTI2_IRQHandler                                  build/startup_stm32f103xb.o
EXTI3_IRQHandler                                  build/startup_stm32f103xb.o
EXTI4_IRQHandler                                  build/startup_stm32f103xb.o
EXTI9_5_IRQHandler                                build/startup_stm32f103xb.o
Error_Handler                                     build/main.o
                                                  build/usbd_conf.o
                                                  build/usb_device.o
                                                  build/usart.o
FLASH_IRQHandler                                  build/startup_stm32f103xb.o
FLASH_PageErase                                   build/stm32f1xx_hal_flash_ex.o
                                                  build/stm32f1xx_hal_flash.o
FLASH_WaitForLastOperation                        build/stm32f1xx_hal_flash.o
                                                  build/stm32f1xx_hal_flash_ex.o
FS_Desc                                           build/usbd_desc.o
                                                  build/usb_device.o
HAL_DBGMCU_DisableDBGSleepMode                    build/stm32f1xx_hal.o
HAL_DBGMCU_DisableDBGStandbyMode                  build/stm32f1xx_hal.o
HAL_DBGMCU_DisableDBGStopMode                     build/stm32f1xx_hal.o
HAL_DBGMCU_EnableDBGSleepMode                     build/stm32f1xx_hal.o
HAL_DBGMCU_EnableDBGStandbyMode                   build/stm32f1xx_hal.o
HAL_DBGMCU_EnableDBGStopMode                      build/stm32f1xx_hal.o
HAL_DMA_Abort                                     build/stm32f1xx_hal_dma.o
                                                  build/stm32f1xx_hal_uart.o
HAL_DMA_Abort_IT                                  build/stm32f1xx_hal_dma.o
                                                  build/stm32f1xx_hal_uart.o
HAL_DMA_DeInit                                    build/stm32f1xx_hal_dma.o
HAL_DMA_GetError                                  build/stm32f1xx_hal_dma.o
                                                  build/stm32f1xx_hal_uart.o
HAL_DMA_GetState                                  build/stm32f1xx_hal_dma.o
HAL_DMA_IRQHandler                                build/stm32f1xx_hal_dma.o
HAL_DMA_Init                                      build/stm32f1xx_hal_dma.o
HAL_DMA_PollForTransfer                           build/stm32f1xx_hal_dma.o
HAL_DMA_RegisterCallback                          build/stm32f1xx_hal_dma.o
HAL_DMA_Start                                     build/stm32f1xx_hal_dma.o
HAL_DMA_Start_IT                                  build/stm32f1xx_hal_dma.o
                                                  build/stm32f1xx_hal_uart.o
HAL_DMA_UnRegisterCallback                        build/stm32f1xx_hal_dma.o
HAL_DeInit                                        build/stm32f1xx_hal.o
HAL_Delay                                         build/stm32f1xx_hal.o
                                                  build/usbd_conf.o
HAL_EXTI_ClearConfigLine                          build/stm32f1xx_hal_exti.o
HAL_EXTI_ClearPending                             build/stm32f1xx_hal_exti.o
HAL_EXTI_GenerateSWI                              build/stm32f1xx_hal_exti.o
HAL_EXTI_GetConfigLine                            build/stm32f1xx_hal_exti.o
HAL_EXTI_GetHandle                                build/stm32f1xx_hal_exti.o
HAL_EXTI_GetPending                               build/stm32f1xx_hal_exti.o
HAL_EXTI_IRQHandler                               build/stm32f1xx_hal_exti.o
HAL_EXTI_RegisterCallback                         build/stm32f1xx_hal_exti.o
HAL_EXTI_SetConfigLine                            build/stm32f1xx_hal_exti.o
HAL_FLASHEx_Erase                                 build/stm32f1xx_hal_flash_ex.o
HAL_FLASHEx_Erase_IT                              build/stm32f1xx_hal_flash_ex.o
HAL_FLASHEx_OBErase                               build/stm32f1xx_hal_flash_ex.o
HAL_FLASHEx_OBGetConfig                           build/stm32f1xx_hal_flash_ex.o
HAL_FLASHEx_OBGetUserData                         build/stm32f1xx_hal_flash_ex.o
HAL_FLASHEx_OBProgram                             build/stm32f1xx_hal_flash_ex.o
HAL_FLASH_EndOfOperationCallback                  build/stm32f1xx_hal_flash.o
HAL_FLASH_GetError                                build/stm32f1xx_hal_flash.o
HAL_FLASH_IRQHandler                              build/stm32f1xx_hal_flash.o
HAL_FLASH_Lock                                    build/stm32f1xx_hal_flash.o
HAL_FLASH_OB_Launch                               build/stm32f1xx_hal_flash.o
HAL_FLASH_OB_Lock                                 build/stm32f1xx_hal_flash.o
HAL_FLASH_OB_Unlock                               build/stm32f1xx_hal_flash.o
HAL_FLASH_OperationErrorCallback                  build/stm32f1xx_hal_flash.o
HAL_FLASH_Program                                 build/stm32f1xx_hal_flash.o
HAL_FLASH_Program_IT                              build/stm32f1xx_hal_flash.o
HAL_FLASH_Unlock                                  build/stm32f1xx_hal_flash.o
HAL_GPIOEx_ConfigEventout                         build/stm32f1xx_hal_gpio_ex.o
HAL_GPIOEx_DisableEventout                        build/stm32f1xx_hal_gpio_ex.o
HAL_GPIOEx_EnableEventout                         build/stm32f1xx_hal_gpio_ex.o
HAL_GPIO_DeInit                                   build/stm32f1xx_hal_gpio.o
                                                  build/usart.o
HAL_GPIO_EXTI_Callback                            build/stm32f1xx_hal_gpio.o
HAL_GPIO_EXTI_IRQHandler                          build/stm32f1xx_hal_gpio.o
HAL_GPIO_Init                                     build/stm32f1xx_hal_gpio.o
                                                  build/stm32f1xx_hal_rcc.o
                                                  build/usart.o
                                                  build/gpio.o
HAL_GPIO_LockPin                                  build/stm32f1xx_hal_gpio.o
HAL_GPIO_ReadPin                                  build/stm32f1xx_hal_gpio.o
HAL_GPIO_TogglePin                                build/stm32f1xx_hal_gpio.o
HAL_GPIO_WritePin                                 build/stm32f1xx_hal_gpio.o
                                                  build/gpio.o
HAL_GetDEVID                                      build/stm32f1xx_hal.o
HAL_GetHalVersion                                 build/stm32f1xx_hal.o
HAL_GetREVID                                      build/stm32f1xx_hal.o
HAL_GetTick                                       build/stm32f1xx_hal.o
                                                  build/stm32f1xx_hal_uart.o
                                                  build/stm32f1xx_hal_flash.o
                                                  build/stm32f1xx_hal_dma.o
                                                  build/stm32f1xx_hal_rcc_ex.o
                                                  build/stm32f1xx_hal_rcc.o
HAL_GetTickFreq                                   build/stm32f1xx_hal.o
HAL_GetTickPrio                                   build/stm32f1xx_hal.o
HAL_GetUIDw0                                      build/stm32f1xx_hal.o
HAL_GetUIDw1                                      build/stm32f1xx_hal.o
HAL_GetUIDw2                                      build/stm32f1xx_hal.o
HAL_HalfDuplex_EnableReceiver                     build/stm32f1xx_hal_uart.o
HAL_HalfDuplex_EnableTransmitter                  build/stm32f1xx_hal_uart.o
HAL_HalfDuplex_Init                               build/stm32f1xx_hal_uart.o
HAL_IncTick                                       build/stm32f1xx_hal.o
                                                  build/stm32f1xx_it.o
HAL_Init                                          build/stm32f1xx_hal.o
                                                  build/main.o
HAL_InitTick                                      build/stm32f1xx_hal.o
                                                  build/stm32f1xx_hal_rcc.o
HAL_LIN_Init                                      build/stm32f1xx_hal_uart.o
HAL_LIN_SendBreak                                 build/stm32f1xx_hal_uart.o
HAL_MspDeInit                                     build/stm32f1xx_hal.o
HAL_MspInit                                       build/stm32f1xx_hal_msp.o
HAL_MultiProcessor_EnterMuteMode                  build/stm32f1xx_hal_uart.o
HAL_MultiProcessor_ExitMuteMode                   build/stm32f1xx_hal_uart.o
HAL_MultiProcessor_Init                           build/stm32f1xx_hal_uart.o
HAL_NVIC_ClearPendingIRQ                          build/stm32f1xx_hal_cortex.o
HAL_NVIC_DisableIRQ                               build/stm32f1xx_hal_cortex.o
                                                  build/usbd_conf.o
HAL_NVIC_EnableIRQ                                build/stm32f1xx_hal_cortex.o
                                                  build/usbd_conf.o
HAL_NVIC_GetActive                                build/stm32f1xx_hal_cortex.o
HAL_NVIC_GetPendingIRQ                            build/stm32f1xx_hal_cortex.o
HAL_NVIC_GetPriority                              build/stm32f1xx_hal_cortex.o
HAL_NVIC_GetPriorityGrouping                      build/stm32f1xx_hal_cortex.o
HAL_NVIC_SetPendingIRQ                            build/stm32f1xx_hal_cortex.o
HAL_NVIC_SetPriority                              build/stm32f1xx_hal_cortex.o
                                                  build/stm32f1xx_hal.o
                                                  build/usbd_conf.o
HAL_NVIC_SetPriorityGrouping                      build/stm32f1xx_hal_cortex.o
                                                  build/stm32f1xx_hal.o
HAL_NVIC_SystemReset                              build/stm32f1xx_hal_cortex.o
                                                  build/stm32f1xx_hal_flash.o
HAL_PCDEx_BCD_Callback                            build/stm32f1xx_hal_pcd_ex.o
HAL_PCDEx_LPM_Callback                            build/stm32f1xx_hal_pcd_ex.o
HAL_PCDEx_PMAConfig                               build/stm32f1xx_hal_pcd_ex.o
                                                  build/usbd_conf.o
HAL_PCDEx_SetConnectionState                      build/usbd_conf.o
                                                  build/stm32f1xx_hal_pcd.o
HAL_PCD_ActivateRemoteWakeup                      build/stm32f1xx_hal_pcd.o
HAL_PCD_ConnectCallback                           build/usbd_conf.o
HAL_PCD_DataInStageCallback                       build/usbd_conf.o
HAL_PCD_DataOutStageCallback                      build/usbd_conf.o
HAL_PCD_DeActivateRemoteWakeup                    build/stm32f1xx_hal_pcd.o
HAL_PCD_DeInit                                    build/stm32f1xx_hal_pcd.o
                                                  build/usbd_conf.o
HAL_PCD_DevConnect                                build/stm32f1xx_hal_pcd.o
HAL_PCD_DevDisconnect                             build/stm32f1xx_hal_pcd.o
HAL_PCD_DisconnectCallback                        build/usbd_conf.o
HAL_PCD_EP_Abort                                  build/stm32f1xx_hal_pcd.o
HAL_PCD_EP_Close                                  build/stm32f1xx_hal_pcd.o
                                                  build/usbd_conf.o
HAL_PCD_EP_ClrStall                               build/stm32f1xx_hal_pcd.o
                                                  build/usbd_conf.o
HAL_PCD_EP_Flush                                  build/stm32f1xx_hal_pcd.o
                                                  build/usbd_conf.o
HAL_PCD_EP_GetRxCount                             build/stm32f1xx_hal_pcd.o
                                                  build/usbd_conf.o
HAL_PCD_EP_Open                                   build/stm32f1xx_hal_pcd.o
                                                  build/usbd_conf.o
HAL_PCD_EP_Receive                                build/stm32f1xx_hal_pcd.o
                                                  build/usbd_conf.o
HAL_PCD_EP_SetStall                               build/stm32f1xx_hal_pcd.o
                                                  build/usbd_conf.o
HAL_PCD_EP_Transmit                               build/stm32f1xx_hal_pcd.o
                                                  build/usbd_conf.o
HAL_PCD_GetState                                  build/stm32f1xx_hal_pcd.o
HAL_PCD_IRQHandler                                build/stm32f1xx_hal_pcd.o
                                                  build/stm32f1xx_it.o
HAL_PCD_ISOINIncompleteCallback                   build/usbd_conf.o
HAL_PCD_ISOOUTIncompleteCallback                  build/usbd_conf.o
HAL_PCD_Init                                      build/stm32f1xx_hal_pcd.o
                                                  build/usbd_conf.o
HAL_PCD_MspDeInit                                 build/usbd_conf.o
HAL_PCD_MspInit                                   build/usbd_conf.o
HAL_PCD_ResetCallback                             build/usbd_conf.o
HAL_PCD_ResumeCallback                            build/usbd_conf.o
HAL_PCD_SOFCallback                               build/usbd_conf.o
HAL_PCD_SetAddress                                build/stm32f1xx_hal_pcd.o
                                                  build/usbd_conf.o
HAL_PCD_SetupStageCallback                        build/usbd_conf.o
HAL_PCD_Start                                     build/stm32f1xx_hal_pcd.o
                                                  build/usbd_conf.o
HAL_PCD_Stop                                      build/stm32f1xx_hal_pcd.o
                                                  build/usbd_conf.o
HAL_PCD_SuspendCallback                           build/usbd_conf.o
HAL_PCD_WKUP_IRQHandler                           build/stm32f1xx_hal_pcd.o
HAL_PWR_ConfigPVD                                 build/stm32f1xx_hal_pwr.o
HAL_PWR_DeInit                                    build/stm32f1xx_hal_pwr.o
HAL_PWR_DisableBkUpAccess                         build/stm32f1xx_hal_pwr.o
HAL_PWR_DisablePVD                                build/stm32f1xx_hal_pwr.o
HAL_PWR_DisableSEVOnPend                          build/stm32f1xx_hal_pwr.o
HAL_PWR_DisableSleepOnExit                        build/stm32f1xx_hal_pwr.o
HAL_PWR_DisableWakeUpPin                          build/stm32f1xx_hal_pwr.o
HAL_PWR_EnableBkUpAccess                          build/stm32f1xx_hal_pwr.o
HAL_PWR_EnablePVD                                 build/stm32f1xx_hal_pwr.o
HAL_PWR_EnableSEVOnPend                           build/stm32f1xx_hal_pwr.o
HAL_PWR_EnableSleepOnExit                         build/stm32f1xx_hal_pwr.o
HAL_PWR_EnableWakeUpPin                           build/stm32f1xx_hal_pwr.o
HAL_PWR_EnterSLEEPMode                            build/stm32f1xx_hal_pwr.o
HAL_PWR_EnterSTANDBYMode                          build/stm32f1xx_hal_pwr.o
HAL_PWR_EnterSTOPMode                             build/stm32f1xx_hal_pwr.o
HAL_PWR_PVDCallback                               build/stm32f1xx_hal_pwr.o
HAL_PWR_PVD_IRQHandler                            build/stm32f1xx_hal_pwr.o
HAL_RCCEx_GetPeriphCLKConfig                      build/stm32f1xx_hal_rcc_ex.o
HAL_RCCEx_GetPeriphCLKFreq                        build/stm32f1xx_hal_rcc_ex.o
HAL_RCCEx_PeriphCLKConfig                         build/stm32f1xx_hal_rcc_ex.o
                                                  build/main.o
HAL_RCC_CSSCallback                               build/stm32f1xx_hal_rcc.o
HAL_RCC_ClockConfig                               build/stm32f1xx_hal_rcc.o
                                                  build/main.o
HAL_RCC_DeInit                                    build/stm32f1xx_hal_rcc.o
HAL_RCC_DisableCSS                                build/stm32f1xx_hal_rcc.o
HAL_RCC_EnableCSS                                 build/stm32f1xx_hal_rcc.o
HAL_RCC_GetClockConfig                            build/stm32f1xx_hal_rcc.o
HAL_RCC_GetHCLKFreq                               build/stm32f1xx_hal_rcc.o
HAL_RCC_GetOscConfig                              build/stm32f1xx_hal_rcc.o
HAL_RCC_GetPCLK1Freq                              build/stm32f1xx_hal_rcc.o
                                                  build/stm32f1xx_hal_uart.o
HAL_RCC_GetPCLK2Freq                              build/stm32f1xx_hal_rcc.o
                                                  build/stm32f1xx_hal_uart.o
                                                  build/stm32f1xx_hal_rcc_ex.o
HAL_RCC_GetSysClockFreq                           build/stm32f1xx_hal_rcc.o
HAL_RCC_MCOConfig                                 build/stm32f1xx_hal_rcc.o
HAL_RCC_NMI_IRQHandler                            build/stm32f1xx_hal_rcc.o
HAL_RCC_OscConfig                                 build/stm32f1xx_hal_rcc.o
                                                  build/main.o
HAL_ResumeTick                                    build/stm32f1xx_hal.o
HAL_SYSTICK_CLKSourceConfig                       build/stm32f1xx_hal_cortex.o
HAL_SYSTICK_Callback                              build/stm32f1xx_hal_cortex.o
HAL_SYSTICK_Config                                build/stm32f1xx_hal_cortex.o
                                                  build/stm32f1xx_hal.o
HAL_SYSTICK_IRQHandler                            build/stm32f1xx_hal_cortex.o
HAL_SetTickFreq                                   build/stm32f1xx_hal.o
HAL_SuspendTick                                   build/stm32f1xx_hal.o
HAL_UARTEx_GetRxEventType                         build/stm32f1xx_hal_uart.o
HAL_UARTEx_ReceiveToIdle                          build/stm32f1xx_hal_uart.o
HAL_UARTEx_ReceiveToIdle_DMA                      build/stm32f1xx_hal_uart.o
HAL_UARTEx_ReceiveToIdle_IT                       build/stm32f1xx_hal_uart.o
HAL_UARTEx_RxEventCallback                        build/stm32f1xx_hal_uart.o
HAL_UART_Abort                                    build/stm32f1xx_hal_uart.o
HAL_UART_AbortCpltCallback                        build/stm32f1xx_hal_uart.o
HAL_UART_AbortReceive                             build/stm32f1xx_hal_uart.o
HAL_UART_AbortReceiveCpltCallback                 build/stm32f1xx_hal_uart.o
HAL_UART_AbortReceive_IT                          build/stm32f1xx_hal_uart.o
HAL_UART_AbortTransmit                            build/stm32f1xx_hal_uart.o
HAL_UART_AbortTransmitCpltCallback                build/stm32f1xx_hal_uart.o
HAL_UART_AbortTransmit_IT                         build/stm32f1xx_hal_uart.o
HAL_UART_Abort_IT                                 build/stm32f1xx_hal_uart.o
HAL_UART_DMAPause                                 build/stm32f1xx_hal_uart.o
HAL_UART_DMAResume                                build/stm32f1xx_hal_uart.o
HAL_UART_DMAStop                                  build/stm32f1xx_hal_uart.o
HAL_UART_DeInit                                   build/stm32f1xx_hal_uart.o
HAL_UART_ErrorCallback                            build/stm32f1xx_hal_uart.o
HAL_UART_GetError                                 build/stm32f1xx_hal_uart.o
HAL_UART_GetState                                 build/stm32f1xx_hal_uart.o
HAL_UART_IRQHandler                               build/stm32f1xx_hal_uart.o
HAL_UART_Init                                     build/stm32f1xx_hal_uart.o
                                                  build/usart.o
HAL_UART_MspDeInit                                build/usart.o
HAL_UART_MspInit                                  build/usart.o
HAL_UART_Receive                                  build/stm32f1xx_hal_uart.o
HAL_UART_Receive_DMA                              build/stm32f1xx_hal_uart.o
HAL_UART_Receive_IT                               build/stm32f1xx_hal_uart.o
HAL_UART_RxCpltCallback                           build/stm32f1xx_hal_uart.o
HAL_UART_RxHalfCpltCallback                       build/stm32f1xx_hal_uart.o
HAL_UART_Transmit                                 build/stm32f1xx_hal_uart.o
HAL_UART_Transmit_DMA                             build/stm32f1xx_hal_uart.o
HAL_UART_Transmit_IT                              build/stm32f1xx_hal_uart.o
HAL_UART_TxCpltCallback                           build/stm32f1xx_hal_uart.o
HAL_UART_TxHalfCpltCallback                       build/stm32f1xx_hal_uart.o
HardFault_Handler                                 build/stm32f1xx_it.o
I2C1_ER_IRQHandler                                build/startup_stm32f103xb.o
I2C1_EV_IRQHandler                                build/startup_stm32f103xb.o
I2C2_ER_IRQHandler                                build/startup_stm32f103xb.o
I2C2_EV_IRQHandler                                build/startup_stm32f103xb.o
MX_GPIO_Init                                      build/gpio.o
                                                  build/main.o
MX_USART1_UART_Init                               build/usart.o
                                                  build/main.o
MX_USB_DEVICE_Init                                build/usb_device.o
                                                  build/main.o
MemManage_Handler                                 build/stm32f1xx_it.o
NMI_Handler                                       build/stm32f1xx_it.o
PVD_IRQHandler                                    build/startup_stm32f103xb.o
PendSV_Handler                                    build/stm32f1xx_it.o
RCC_IRQHandler                                    build/startup_stm32f103xb.o
RTC_Alarm_IRQHandler                              build/startup_stm32f103xb.o
RTC_IRQHandler                                    build/startup_stm32f103xb.o
Reset_Handler                                     build/startup_stm32f103xb.o
SPI1_IRQHandler                                   build/startup_stm32f103xb.o
SPI2_IRQHandler                                   build/startup_stm32f103xb.o
SVC_Handler                                       build/stm32f1xx_it.o
SysTick_Handler                                   build/stm32f1xx_it.o
SystemClock_Config                                build/main.o
SystemCoreClock                                   build/system_stm32f1xx.o
                                                  build/stm32f1xx_hal_rcc.o
                                                  build/stm32f1xx_hal.o
SystemCoreClockUpdate                             build/system_stm32f1xx.o
SystemInit                                        build/system_stm32f1xx.o
                                                  build/startup_stm32f103xb.o
TAMPER_IRQHandler                                 build/startup_stm32f103xb.o
TIM1_BRK_IRQHandler                               build/startup_stm32f103xb.o
TIM1_CC_IRQHandler                                build/startup_stm32f103xb.o
TIM1_TRG_COM_IRQHandler                           build/startup_stm32f103xb.o
TIM1_UP_IRQHandler                                build/startup_stm32f103xb.o
TIM2_IRQHandler                                   build/startup_stm32f103xb.o
TIM3_IRQHandler                                   build/startup_stm32f103xb.o
TIM4_IRQHandler                                   build/startup_stm32f103xb.o
UART_Start_Receive_DMA                            build/stm32f1xx_hal_uart.o
UART_Start_Receive_IT                             build/stm32f1xx_hal_uart.o
USART1_IRQHandler                                 build/startup_stm32f103xb.o
USART2_IRQHandler                                 build/startup_stm32f103xb.o
USART3_IRQHandler                                 build/startup_stm32f103xb.o
USBD_CDC                                          build/usbd_cdc.o
                                                  build/usb_device.o
USBD_CDC_CfgFSDesc                                build/usbd_cdc.o
USBD_CDC_CfgHSDesc                                build/usbd_cdc.o
USBD_CDC_GetDeviceQualifierDescriptor             build/usbd_cdc.o
USBD_CDC_OtherSpeedCfgDesc                        build/usbd_cdc.o
USBD_CDC_ReceivePacket                            build/usbd_cdc.o
                                                  build/usbd_cdc_if.o
USBD_CDC_RegisterInterface                        build/usbd_cdc.o
                                                  build/usb_device.o
USBD_CDC_SetRxBuffer                              build/usbd_cdc.o
                                                  build/usbd_cdc_if.o
USBD_CDC_SetTxBuffer                              build/usbd_cdc.o
                                                  build/usbd_cdc_if.o
USBD_CDC_TransmitPacket                           build/usbd_cdc.o
                                                  build/usbd_cdc_if.o
USBD_ClrClassConfig                               build/usbd_core.o
                                                  build/usbd_ctlreq.o
USBD_CtlContinueRx                                build/usbd_ioreq.o
                                                  build/usbd_core.o
USBD_CtlContinueSendData                          build/usbd_ioreq.o
                                                  build/usbd_core.o
USBD_CtlError                                     build/usbd_ctlreq.o
                                                  build/usbd_cdc.o
USBD_CtlPrepareRx                                 build/usbd_ioreq.o
                                                  build/usbd_cdc.o
USBD_CtlReceiveStatus                             build/usbd_ioreq.o
                                                  build/usbd_core.o
USBD_CtlSendData                                  build/usbd_ioreq.o
                                                  build/usbd_cdc.o
                                                  build/usbd_ctlreq.o
USBD_CtlSendStatus                                build/usbd_ioreq.o
                                                  build/usbd_ctlreq.o
                                                  build/usbd_core.o
USBD_DeInit                                       build/usbd_core.o
USBD_FS_ConfigStrDescriptor                       build/usbd_desc.o
USBD_FS_DeviceDesc                                build/usbd_desc.o
USBD_FS_DeviceDescriptor                          build/usbd_desc.o
USBD_FS_InterfaceStrDescriptor                    build/usbd_desc.o
USBD_FS_LangIDStrDescriptor                       build/usbd_desc.o
USBD_FS_ManufacturerStrDescriptor                 build/usbd_desc.o
USBD_FS_ProductStrDescriptor                      build/usbd_desc.o
USBD_FS_SerialStrDescriptor                       build/usbd_desc.o
USBD_GetRxCount                                   build/usbd_ioreq.o
USBD_GetString                                    build/usbd_ctlreq.o
                                                  build/usbd_desc.o
USBD_Init                                         build/usbd_core.o
                                                  build/usb_device.o
USBD_Interface_fops_FS                            build/usbd_cdc_if.o
                                                  build/usb_device.o
USBD_LL_ClearStallEP                              build/usbd_conf.o
                                                  build/usbd_ctlreq.o
USBD_LL_CloseEP                                   build/usbd_conf.o
                                                  build/usbd_cdc.o
USBD_LL_DataInStage                               build/usbd_core.o
                                                  build/usbd_conf.o
USBD_LL_DataOutStage                              build/usbd_core.o
                                                  build/usbd_conf.o
USBD_LL_DeInit                                    build/usbd_conf.o
                                                  build/usbd_core.o
USBD_LL_Delay                                     build/usbd_conf.o
USBD_LL_DevConnected                              build/usbd_core.o
                                                  build/usbd_conf.o
USBD_LL_DevDisconnected                           build/usbd_core.o
                                                  build/usbd_conf.o
USBD_LL_FlushEP                                   build/usbd_conf.o
USBD_LL_GetRxDataSize                             build/usbd_conf.o
                                                  build/usbd_cdc.o
                                                  build/usbd_ioreq.o
USBD_LL_Init                                      build/usbd_conf.o
                                                  build/usbd_core.o
USBD_LL_IsStallEP                                 build/usbd_conf.o
                                                  build/usbd_ctlreq.o
USBD_LL_IsoINIncomplete                           build/usbd_core.o
                                                  build/usbd_conf.o
USBD_LL_IsoOUTIncomplete                          build/usbd_core.o
                                                  build/usbd_conf.o
USBD_LL_OpenEP                                    build/usbd_conf.o
                                                  build/usbd_cdc.o
                                                  build/usbd_core.o
USBD_LL_PrepareReceive                            build/usbd_conf.o
                                                  build/usbd_cdc.o
                                                  build/usbd_ioreq.o
                                                  build/usbd_core.o
USBD_LL_Reset                                     build/usbd_core.o
                                                  build/usbd_conf.o
USBD_LL_Resume                                    build/usbd_core.o
                                                  build/usbd_conf.o
USBD_LL_SOF                                       build/usbd_core.o
                                                  build/usbd_conf.o
USBD_LL_SetSpeed                                  build/usbd_core.o
                                                  build/usbd_conf.o
USBD_LL_SetUSBAddress                             build/usbd_conf.o
                                                  build/usbd_ctlreq.o
USBD_LL_SetupStage                                build/usbd_core.o
                                                  build/usbd_conf.o
USBD_LL_StallEP                                   build/usbd_conf.o
                                                  build/usbd_ctlreq.o
                                                  build/usbd_core.o
USBD_LL_Start                                     build/usbd_conf.o
                                                  build/usbd_core.o
USBD_LL_Stop                                      build/usbd_conf.o
                                                  build/usbd_core.o
USBD_LL_Suspend                                   build/usbd_core.o
                                                  build/usbd_conf.o
USBD_LL_Transmit                                  build/usbd_conf.o
                                                  build/usbd_cdc.o
                                                  build/usbd_ioreq.o
USBD_LangIDDesc                                   build/usbd_desc.o
USBD_ParseSetupRequest                            build/usbd_ctlreq.o
                                                  build/usbd_core.o
USBD_RegisterClass                                build/usbd_core.o
                                                  build/usb_device.o
USBD_RunTestMode                                  build/usbd_core.o
USBD_SetClassConfig                               build/usbd_core.o
                                                  build/usbd_ctlreq.o
USBD_Start                                        build/usbd_core.o
                                                  build/usb_device.o
USBD_StdDevReq                                    build/usbd_ctlreq.o
                                                  build/usbd_core.o
USBD_StdEPReq                                     build/usbd_ctlreq.o
                                                  build/usbd_core.o
USBD_StdItfReq                                    build/usbd_ctlreq.o
                                                  build/usbd_core.o
USBD_Stop                                         build/usbd_core.o
USBD_StrDesc                                      build/usbd_desc.o
USBD_StringSerial                                 build/usbd_desc.o
USBD_static_free                                  build/usbd_conf.o
                                                  build/usbd_cdc.o
USBD_static_malloc                                build/usbd_conf.o
                                                  build/usbd_cdc.o
USBWakeUp_IRQHandler                              build/startup_stm32f103xb.o
USB_ActivateEndpoint                              build/stm32f1xx_ll_usb.o
                                                  build/stm32f1xx_hal_pcd.o
USB_ActivateRemoteWakeup                          build/stm32f1xx_ll_usb.o
                                                  build/stm32f1xx_hal_pcd.o
USB_ClearInterrupts                               build/stm32f1xx_ll_usb.o
USB_CoreInit                                      build/stm32f1xx_ll_usb.o
                                                  build/stm32f1xx_hal_pcd.o
USB_DeActivateRemoteWakeup                        build/stm32f1xx_ll_usb.o
                                                  build/stm32f1xx_hal_pcd.o
USB_DeactivateEndpoint                            build/stm32f1xx_ll_usb.o
                                                  build/stm32f1xx_hal_pcd.o
USB_DevConnect                                    build/stm32f1xx_ll_usb.o
                                                  build/stm32f1xx_hal_pcd.o
USB_DevDisconnect                                 build/stm32f1xx_ll_usb.o
                                                  build/stm32f1xx_hal_pcd.o
USB_DevInit                                       build/stm32f1xx_ll_usb.o
                                                  build/stm32f1xx_hal_pcd.o
USB_DisableGlobalInt                              build/stm32f1xx_ll_usb.o
                                                  build/stm32f1xx_hal_pcd.o
USB_EP0_OutStart                                  build/stm32f1xx_ll_usb.o
                                                  build/stm32f1xx_hal_pcd.o
USB_EPClearStall                                  build/stm32f1xx_ll_usb.o
                                                  build/stm32f1xx_hal_pcd.o
USB_EPSetStall                                    build/stm32f1xx_ll_usb.o
                                                  build/stm32f1xx_hal_pcd.o
USB_EPStartXfer                                   build/stm32f1xx_ll_usb.o
                                                  build/stm32f1xx_hal_pcd.o
USB_EPStopXfer                                    build/stm32f1xx_ll_usb.o
                                                  build/stm32f1xx_hal_pcd.o
USB_EnableGlobalInt                               build/stm32f1xx_ll_usb.o
                                                  build/stm32f1xx_hal_pcd.o
USB_FlushRxFifo                                   build/stm32f1xx_ll_usb.o
                                                  build/stm32f1xx_hal_pcd.o
USB_FlushTxFifo                                   build/stm32f1xx_ll_usb.o
                                                  build/stm32f1xx_hal_pcd.o
USB_HP_CAN1_TX_IRQHandler                         build/startup_stm32f103xb.o
USB_LP_CAN1_RX0_IRQHandler                        build/stm32f1xx_it.o
USB_ReadDevAllInEpInterrupt                       build/stm32f1xx_ll_usb.o
USB_ReadDevAllOutEpInterrupt                      build/stm32f1xx_ll_usb.o
USB_ReadDevInEPInterrupt                          build/stm32f1xx_ll_usb.o
USB_ReadDevOutEPInterrupt                         build/stm32f1xx_ll_usb.o
USB_ReadInterrupts                                build/stm32f1xx_ll_usb.o
                                                  build/stm32f1xx_hal_pcd.o
USB_ReadPMA                                       build/stm32f1xx_ll_usb.o
                                                  build/stm32f1xx_hal_pcd.o
USB_SetCurrentMode                                build/stm32f1xx_ll_usb.o
                                                  build/stm32f1xx_hal_pcd.o
USB_SetDevAddress                                 build/stm32f1xx_ll_usb.o
                                                  build/stm32f1xx_hal_pcd.o
USB_StopDevice                                    build/stm32f1xx_ll_usb.o
                                                  build/stm32f1xx_hal_pcd.o
USB_WritePMA                                      build/stm32f1xx_ll_usb.o
                                                  build/stm32f1xx_hal_pcd.o
UsageFault_Handler                                build/stm32f1xx_it.o
UserRxBufferFS                                    build/usbd_cdc_if.o
UserTxBufferFS                                    build/usbd_cdc_if.o
WWDG_IRQHandler                                   build/startup_stm32f103xb.o
__bss_end__                                       c:/program files (x86)/gnu arm embedded toolchain/10 2021.10/bin/../lib/gcc/arm-none-eabi/10.3.1/../../../../arm-none-eabi/lib/thumb/v7-m/nofp/crt0.o
__bss_start__                                     c:/program files (x86)/gnu arm embedded toolchain/10 2021.10/bin/../lib/gcc/arm-none-eabi/10.3.1/../../../../arm-none-eabi/lib/thumb/v7-m/nofp/crt0.o
__call_exitprocs                                  c:/program files (x86)/gnu arm embedded toolchain/10 2021.10/bin/../lib/gcc/arm-none-eabi/10.3.1/../../../../arm-none-eabi/lib/thumb/v7-m/nofp\libc_nano.a(lib_a-exit.o)
__deregister_frame_info                           c:/program files (x86)/gnu arm embedded toolchain/10 2021.10/bin/../lib/gcc/arm-none-eabi/10.3.1/thumb/v7-m/nofp/crtbegin.o